Archive member included to satisfy reference by file (symbol)

c:/program files (x86)/atollic/truestudio for stm32 9.0.0/armtools/bin/../lib/gcc/arm-atollic-eabi/6.3.1/../../../../arm-atollic-eabi/lib/armv7e-m/fpu\libc_nano.a(lib_a-init.o)
                              startup\startup_stm32f446xx.o (__libc_init_array)
c:/program files (x86)/atollic/truestudio for stm32 9.0.0/armtools/bin/../lib/gcc/arm-atollic-eabi/6.3.1/armv7e-m/fpu\libgcc.a(_aeabi_uldivmod.o)
                              Drivers\STM32F4xx_HAL_Driver\Src\stm32f4xx_hal_rcc.o (__aeabi_uldivmod)
c:/program files (x86)/atollic/truestudio for stm32 9.0.0/armtools/bin/../lib/gcc/arm-atollic-eabi/6.3.1/armv7e-m/fpu\libgcc.a(_udivmoddi4.o)
                              c:/program files (x86)/atollic/truestudio for stm32 9.0.0/armtools/bin/../lib/gcc/arm-atollic-eabi/6.3.1/armv7e-m/fpu\libgcc.a(_aeabi_uldivmod.o) (__udivmoddi4)
c:/program files (x86)/atollic/truestudio for stm32 9.0.0/armtools/bin/../lib/gcc/arm-atollic-eabi/6.3.1/armv7e-m/fpu\libgcc.a(_dvmd_tls.o)
                              c:/program files (x86)/atollic/truestudio for stm32 9.0.0/armtools/bin/../lib/gcc/arm-atollic-eabi/6.3.1/armv7e-m/fpu\libgcc.a(_aeabi_uldivmod.o) (__aeabi_ldiv0)

Allocating common symbols
Common symbol       size              file

hi2c1               0x54              Src\i2c.o
uwTick              0x4               Drivers\STM32F4xx_HAL_Driver\Src\stm32f4xx_hal.o
pFlash              0x20              Drivers\STM32F4xx_HAL_Driver\Src\stm32f4xx_hal_flash.o
hadc1               0x48              Src\adc.o
htim1               0x3c              Src\tim.o
htim2               0x3c              Src\tim.o
huart2              0x40              Src\usart.o

Discarded input sections

 .text          0x00000000        0x0 c:/program files (x86)/atollic/truestudio for stm32 9.0.0/armtools/bin/../lib/gcc/arm-atollic-eabi/6.3.1/armv7e-m/fpu/crti.o
 .data          0x00000000        0x0 c:/program files (x86)/atollic/truestudio for stm32 9.0.0/armtools/bin/../lib/gcc/arm-atollic-eabi/6.3.1/armv7e-m/fpu/crti.o
 .bss           0x00000000        0x0 c:/program files (x86)/atollic/truestudio for stm32 9.0.0/armtools/bin/../lib/gcc/arm-atollic-eabi/6.3.1/armv7e-m/fpu/crti.o
 .data          0x00000000        0x4 c:/program files (x86)/atollic/truestudio for stm32 9.0.0/armtools/bin/../lib/gcc/arm-atollic-eabi/6.3.1/armv7e-m/fpu/crtbegin.o
 .text          0x00000000        0x0 Drivers\STM32F4xx_HAL_Driver\Src\stm32f4xx_hal.o
 .data          0x00000000        0x0 Drivers\STM32F4xx_HAL_Driver\Src\stm32f4xx_hal.o
 .bss           0x00000000        0x0 Drivers\STM32F4xx_HAL_Driver\Src\stm32f4xx_hal.o
 .text.HAL_MspInit
                0x00000000        0x2 Drivers\STM32F4xx_HAL_Driver\Src\stm32f4xx_hal.o
 .text.HAL_MspDeInit
                0x00000000        0x2 Drivers\STM32F4xx_HAL_Driver\Src\stm32f4xx_hal.o
 .text.HAL_DeInit
                0x00000000       0x2c Drivers\STM32F4xx_HAL_Driver\Src\stm32f4xx_hal.o
 .text.HAL_GetTickPrio
                0x00000000        0xc Drivers\STM32F4xx_HAL_Driver\Src\stm32f4xx_hal.o
 .text.HAL_SetTickFreq
                0x00000000       0x24 Drivers\STM32F4xx_HAL_Driver\Src\stm32f4xx_hal.o
 .text.HAL_GetTickFreq
                0x00000000        0xc Drivers\STM32F4xx_HAL_Driver\Src\stm32f4xx_hal.o
 .text.HAL_SuspendTick
                0x00000000       0x10 Drivers\STM32F4xx_HAL_Driver\Src\stm32f4xx_hal.o
 .text.HAL_ResumeTick
                0x00000000       0x10 Drivers\STM32F4xx_HAL_Driver\Src\stm32f4xx_hal.o
 .text.HAL_GetHalVersion
                0x00000000        0x8 Drivers\STM32F4xx_HAL_Driver\Src\stm32f4xx_hal.o
 .text.HAL_GetREVID
                0x00000000        0xc Drivers\STM32F4xx_HAL_Driver\Src\stm32f4xx_hal.o
 .text.HAL_GetDEVID
                0x00000000       0x10 Drivers\STM32F4xx_HAL_Driver\Src\stm32f4xx_hal.o
 .text.HAL_DBGMCU_EnableDBGSleepMode
                0x00000000       0x10 Drivers\STM32F4xx_HAL_Driver\Src\stm32f4xx_hal.o
 .text.HAL_DBGMCU_DisableDBGSleepMode
                0x00000000       0x10 Drivers\STM32F4xx_HAL_Driver\Src\stm32f4xx_hal.o
 .text.HAL_DBGMCU_EnableDBGStopMode
                0x00000000       0x10 Drivers\STM32F4xx_HAL_Driver\Src\stm32f4xx_hal.o
 .text.HAL_DBGMCU_DisableDBGStopMode
                0x00000000       0x10 Drivers\STM32F4xx_HAL_Driver\Src\stm32f4xx_hal.o
 .text.HAL_DBGMCU_EnableDBGStandbyMode
                0x00000000       0x10 Drivers\STM32F4xx_HAL_Driver\Src\stm32f4xx_hal.o
 .text.HAL_DBGMCU_DisableDBGStandbyMode
                0x00000000       0x10 Drivers\STM32F4xx_HAL_Driver\Src\stm32f4xx_hal.o
 .text.HAL_EnableCompensationCell
                0x00000000        0xc Drivers\STM32F4xx_HAL_Driver\Src\stm32f4xx_hal.o
 .text.HAL_DisableCompensationCell
                0x00000000        0xc Drivers\STM32F4xx_HAL_Driver\Src\stm32f4xx_hal.o
 .text.HAL_GetUID
                0x00000000       0x20 Drivers\STM32F4xx_HAL_Driver\Src\stm32f4xx_hal.o
[...]
Memory Configuration

Name             Origin             Length             Attributes
RAM              0x20000000         0x00020000         xrw
FLASH            0x08000000         0x00080000         xr
*default*        0x00000000         0xffffffff

Linker script and memory map

LOAD c:/program files (x86)/atollic/truestudio for stm32 9.0.0/armtools/bin/../lib/gcc/arm-atollic-eabi/6.3.1/armv7e-m/fpu/crti.o
LOAD c:/program files (x86)/atollic/truestudio for stm32 9.0.0/armtools/bin/../lib/gcc/arm-atollic-eabi/6.3.1/armv7e-m/fpu/crtbegin.o
LOAD Drivers\STM32F4xx_HAL_Driver\Src\stm32f4xx_hal.o
LOAD Drivers\STM32F4xx_HAL_Driver\Src\stm32f4xx_hal_adc.o
LOAD Drivers\STM32F4xx_HAL_Driver\Src\stm32f4xx_hal_adc_ex.o
LOAD Drivers\STM32F4xx_HAL_Driver\Src\stm32f4xx_hal_cortex.o
LOAD Drivers\STM32F4xx_HAL_Driver\Src\stm32f4xx_hal_dma.o
LOAD Drivers\STM32F4xx_HAL_Driver\Src\stm32f4xx_hal_dma_ex.o
LOAD Drivers\STM32F4xx_HAL_Driver\Src\stm32f4xx_hal_flash.o
LOAD Drivers\STM32F4xx_HAL_Driver\Src\stm32f4xx_hal_flash_ex.o
LOAD Drivers\STM32F4xx_HAL_Driver\Src\stm32f4xx_hal_flash_ramfunc.o
LOAD Drivers\STM32F4xx_HAL_Driver\Src\stm32f4xx_hal_gpio.o
LOAD Drivers\STM32F4xx_HAL_Driver\Src\stm32f4xx_hal_i2c.o
LOAD Drivers\STM32F4xx_HAL_Driver\Src\stm32f4xx_hal_i2c_ex.o
LOAD Drivers\STM32F4xx_HAL_Driver\Src\stm32f4xx_hal_pwr.o
LOAD Drivers\STM32F4xx_HAL_Driver\Src\stm32f4xx_hal_pwr_ex.o
LOAD Drivers\STM32F4xx_HAL_Driver\Src\stm32f4xx_hal_rcc.o
LOAD Drivers\STM32F4xx_HAL_Driver\Src\stm32f4xx_hal_rcc_ex.o
LOAD Drivers\STM32F4xx_HAL_Driver\Src\stm32f4xx_hal_tim.o
LOAD Drivers\STM32F4xx_HAL_Driver\Src\stm32f4xx_hal_tim_ex.o
LOAD Drivers\STM32F4xx_HAL_Driver\Src\stm32f4xx_hal_uart.o
LOAD Src\adc.o
LOAD Src\gpio.o
LOAD Src\i2c.o
LOAD Src\main.o
LOAD Src\stm32f4xx_hal_msp.o
LOAD Src\stm32f4xx_it.o
LOAD Src\system_stm32f4xx.o
LOAD Src\tim.o
LOAD Src\usart.o
LOAD startup\startup_stm32f446xx.o
                0x00000080                malloc_getpagesize_P = 0x80
START GROUP
LOAD c:/program files (x86)/atollic/truestudio for stm32 9.0.0/armtools/bin/../lib/gcc/arm-atollic-eabi/6.3.1/../../../../arm-atollic-eabi/lib/armv7e-m/fpu\libc_nano.a
LOAD c:/program files (x86)/atollic/truestudio for stm32 9.0.0/armtools/bin/../lib/gcc/arm-atollic-eabi/6.3.1/../../../../arm-atollic-eabi/lib/armv7e-m/fpu\libm.a
END GROUP
START GROUP
LOAD c:/program files (x86)/atollic/truestudio for stm32 9.0.0/armtools/bin/../lib/gcc/arm-atollic-eabi/6.3.1/armv7e-m/fpu\libgcc.a
LOAD c:/program files (x86)/atollic/truestudio for stm32 9.0.0/armtools/bin/../lib/gcc/arm-atollic-eabi/6.3.1/../../../../arm-atollic-eabi/lib/armv7e-m/fpu\libc_nano.a
END GROUP
START GROUP
LOAD c:/program files (x86)/atollic/truestudio for stm32 9.0.0/armtools/bin/../lib/gcc/arm-atollic-eabi/6.3.1/armv7e-m/fpu\libgcc.a
LOAD c:/program files (x86)/atollic/truestudio for stm32 9.0.0/armtools/bin/../lib/gcc/arm-atollic-eabi/6.3.1/../../../../arm-atollic-eabi/lib/armv7e-m/fpu\libc_nano.a
LOAD c:/program files (x86)/atollic/truestudio for stm32 9.0.0/armtools/bin/../lib/gcc/arm-atollic-eabi/6.3.1/../../../../arm-atollic-eabi/lib/armv7e-m/fpu\libnosys.a
END GROUP
START GROUP
LOAD c:/program files (x86)/atollic/truestudio for stm32 9.0.0/armtools/bin/../lib/gcc/arm-atollic-eabi/6.3.1/armv7e-m/fpu\libgcc.a
LOAD c:/program files (x86)/atollic/truestudio for stm32 9.0.0/armtools/bin/../lib/gcc/arm-atollic-eabi/6.3.1/../../../../arm-atollic-eabi/lib/armv7e-m/fpu\libc_nano.a
LOAD c:/program files (x86)/atollic/truestudio for stm32 9.0.0/armtools/bin/../lib/gcc/arm-atollic-eabi/6.3.1/../../../../arm-atollic-eabi/lib/armv7e-m/fpu\libnosys.a
END GROUP
LOAD c:/program files (x86)/atollic/truestudio for stm32 9.0.0/armtools/bin/../lib/gcc/arm-atollic-eabi/6.3.1/armv7e-m/fpu/crtend.o
LOAD c:/program files (x86)/atollic/truestudio for stm32 9.0.0/armtools/bin/../lib/gcc/arm-atollic-eabi/6.3.1/armv7e-m/fpu/crtn.o
                0x20020000                _estack = 0x20020000
                0x00000200                _Min_Heap_Size = 0x200
                0x00000400                _Min_Stack_Size = 0x400

.isr_vector     0x08000000      0x1c4
                0x08000000                . = ALIGN (0x4)
 *(.isr_vector)
 .isr_vector    0x08000000      0x1c4 startup\startup_stm32f446xx.o
                0x08000000                g_pfnVectors
                0x080001c4                . = ALIGN (0x4)

.text           0x080001c4     0x20b8
                0x080001c4                . = ALIGN (0x4)
 *(.text)
 .text          0x080001c4       0x40 c:/program files (x86)/atollic/truestudio for stm32 9.0.0/armtools/bin/../lib/gcc/arm-atollic-eabi/6.3.1/armv7e-m/fpu/crtbegin.o
 .text          0x08000204       0x30 c:/program files (x86)/atollic/truestudio for stm32 9.0.0/armtools/bin/../lib/gcc/arm-atollic-eabi/6.3.1/armv7e-m/fpu\libgcc.a(_aeabi_uldivmod.o)
                0x08000204                __aeabi_uldivmod
 .text          0x08000234      0x2dc c:/program files (x86)/atollic/truestudio for stm32 9.0.0/armtools/bin/../lib/gcc/arm-atollic-eabi/6.3.1/armv7e-m/fpu\libgcc.a(_udivmoddi4.o)
                0x08000234                __udivmoddi4
 .text          0x08000510        0x4 c:/program files (x86)/atollic/truestudio for stm32 9.0.0/armtools/bin/../lib/gcc/arm-atollic-eabi/6.3.1/armv7e-m/fpu\libgcc.a(_dvmd_tls.o)
                0x08000510                __aeabi_idiv0
                0x08000510                __aeabi_ldiv0
 *(.text*)
 .text.HAL_InitTick
                0x08000514       0x48 Drivers\STM32F4xx_HAL_Driver\Src\stm32f4xx_hal.o
                0x08000514                HAL_InitTick
 .text.HAL_Init
                0x0800055c       0x34 Drivers\STM32F4xx_HAL_Driver\Src\stm32f4xx_hal.o
                0x0800055c                HAL_Init
 .text.HAL_IncTick
                0x08000590       0x18 Drivers\STM32F4xx_HAL_Driver\Src\stm32f4xx_hal.o
                0x08000590                HAL_IncTick
 .text.HAL_GetTick
                0x080005a8        0xc Drivers\STM32F4xx_HAL_Driver\Src\stm32f4xx_hal.o
                0x080005a8                HAL_GetTick
 .text.HAL_Delay
                0x080005b4       0x28 Drivers\STM32F4xx_HAL_Driver\Src\stm32f4xx_hal.o
                0x080005b4                HAL_Delay
 .text.HAL_ADC_Init
                0x080005dc      0x148 Drivers\STM32F4xx_HAL_Driver\Src\stm32f4xx_hal_adc.o
                0x080005dc                HAL_ADC_Init
 .text.HAL_ADC_Start_IT
                0x08000724       0xcc Drivers\STM32F4xx_HAL_Driver\Src\stm32f4xx_hal_adc.o
                0x08000724                HAL_ADC_Start_IT
 .text.HAL_ADC_GetValue
                0x080007f0        0x6 Drivers\STM32F4xx_HAL_Driver\Src\stm32f4xx_hal_adc.o
                0x080007f0                HAL_ADC_GetValue
 .text.HAL_ADC_LevelOutOfWindowCallback
                0x080007f6        0x2 Drivers\STM32F4xx_HAL_Driver\Src\stm32f4xx_hal_adc.o
                0x080007f6                HAL_ADC_LevelOutOfWindowCallback
 .text.HAL_ADC_ErrorCallback
                0x080007f8        0x2 Drivers\STM32F4xx_HAL_Driver\Src\stm32f4xx_hal_adc.o
                0x080007f8                HAL_ADC_ErrorCallback
 .text.HAL_ADC_IRQHandler
                0x080007fa      0x128 Drivers\STM32F4xx_HAL_Driver\Src\stm32f4xx_hal_adc.o
                0x080007fa                HAL_ADC_IRQHandler
 *fill*         0x08000922        0x2 
 .text.HAL_ADC_ConfigChannel
                0x08000924      0x130 Drivers\STM32F4xx_HAL_Driver\Src\stm32f4xx_hal_adc.o
                0x08000924                HAL_ADC_ConfigChannel
 .text.HAL_ADCEx_InjectedConvCpltCallback
                0x08000a54        0x2 Drivers\STM32F4xx_HAL_Driver\Src\stm32f4xx_hal_adc_ex.o
                0x08000a54                HAL_ADCEx_InjectedConvCpltCallback
 *fill*         0x08000a56        0x2 
 .text.HAL_NVIC_SetPriorityGrouping
                0x08000a58       0x24 Drivers\STM32F4xx_HAL_Driver\Src\stm32f4xx_hal_cortex.o
                0x08000a58                HAL_NVIC_SetPriorityGrouping
 .text.HAL_NVIC_SetPriority
                0x08000a7c       0x68 Drivers\STM32F4xx_HAL_Driver\Src\stm32f4xx_hal_cortex.o
                0x08000a7c                HAL_NVIC_SetPriority
 .text.HAL_NVIC_EnableIRQ
                0x08000ae4       0x18 Drivers\STM32F4xx_HAL_Driver\Src\stm32f4xx_hal_cortex.o
                0x08000ae4                HAL_NVIC_EnableIRQ
 .text.HAL_SYSTICK_Config
                0x08000afc       0x2c Drivers\STM32F4xx_HAL_Driver\Src\stm32f4xx_hal_cortex.o
                0x08000afc                HAL_SYSTICK_Config
 .text.HAL_SYSTICK_CLKSourceConfig
                0x08000b28       0x18 Drivers\STM32F4xx_HAL_Driver\Src\stm32f4xx_hal_cortex.o
                0x08000b28                HAL_SYSTICK_CLKSourceConfig
 .text.HAL_SYSTICK_Callback
                0x08000b40        0x2 Drivers\STM32F4xx_HAL_Driver\Src\stm32f4xx_hal_cortex.o
                0x08000b40                HAL_SYSTICK_Callback
 .text.HAL_SYSTICK_IRQHandler
                0x08000b42        0x8 Drivers\STM32F4xx_HAL_Driver\Src\stm32f4xx_hal_cortex.o
                0x08000b42                HAL_SYSTICK_IRQHandler
 *fill*         0x08000b4a        0x2 
 .text.HAL_GPIO_Init
                0x08000b4c      0x1b4 Drivers\STM32F4xx_HAL_Driver\Src\stm32f4xx_hal_gpio.o
                0x08000b4c                HAL_GPIO_Init
 .text.HAL_GPIO_WritePin
                0x08000d00        0xa Drivers\STM32F4xx_HAL_Driver\Src\stm32f4xx_hal_gpio.o
                0x08000d00                HAL_GPIO_WritePin
 .text.HAL_GPIO_TogglePin
                0x08000d0a        0x8 Drivers\STM32F4xx_HAL_Driver\Src\stm32f4xx_hal_gpio.o
                0x08000d0a                HAL_GPIO_TogglePin
 *fill*         0x08000d12        0x2 
 .text.HAL_GPIO_EXTI_IRQHandler
                0x08000d14       0x18 Drivers\STM32F4xx_HAL_Driver\Src\stm32f4xx_hal_gpio.o
                0x08000d14                HAL_GPIO_EXTI_IRQHandler
 .text.HAL_I2C_Init
                0x08000d2c       0xdc Drivers\STM32F4xx_HAL_Driver\Src\stm32f4xx_hal_i2c.o
                0x08000d2c                HAL_I2C_Init
 .text.HAL_PWREx_EnableOverDrive
                0x08000e08       0x78 Drivers\STM32F4xx_HAL_Driver\Src\stm32f4xx_hal_pwr_ex.o
                0x08000e08                HAL_PWREx_EnableOverDrive
 .text.HAL_RCC_ClockConfig
                0x08000e80      0x134 Drivers\STM32F4xx_HAL_Driver\Src\stm32f4xx_hal_rcc.o
                0x08000e80                HAL_RCC_ClockConfig
 .text.HAL_RCC_GetHCLKFreq
                0x08000fb4        0xc Drivers\STM32F4xx_HAL_Driver\Src\stm32f4xx_hal_rcc.o
                0x08000fb4                HAL_RCC_GetHCLKFreq
 .text.HAL_RCC_GetPCLK1Freq
                0x08000fc0       0x20 Drivers\STM32F4xx_HAL_Driver\Src\stm32f4xx_hal_rcc.o
                0x08000fc0                HAL_RCC_GetPCLK1Freq
 .text.HAL_RCC_GetPCLK2Freq
                0x08000fe0       0x20 Drivers\STM32F4xx_HAL_Driver\Src\stm32f4xx_hal_rcc.o
                0x08000fe0                HAL_RCC_GetPCLK2Freq
 .text.HAL_RCC_GetSysClockFreq
                0x08001000       0x90 Drivers\STM32F4xx_HAL_Driver\Src\stm32f4xx_hal_rcc_ex.o
                0x08001000                HAL_RCC_GetSysClockFreq
 .text.HAL_RCC_OscConfig
                0x08001090      0x334 Drivers\STM32F4xx_HAL_Driver\Src\stm32f4xx_hal_rcc_ex.o
                0x08001090                HAL_RCC_OscConfig
 .text.TIM_OC1_SetConfig
                0x080013c4       0x58 Drivers\STM32F4xx_HAL_Driver\Src\stm32f4xx_hal_tim.o
 .text.TIM_OC3_SetConfig
                0x0800141c       0x60 Drivers\STM32F4xx_HAL_Driver\Src\stm32f4xx_hal_tim.o
 .text.TIM_OC4_SetConfig
                0x0800147c       0x50 Drivers\STM32F4xx_HAL_Driver\Src\stm32f4xx_hal_tim.o
 .text.HAL_TIM_Base_Start
                0x080014cc       0x1a Drivers\STM32F4xx_HAL_Driver\Src\stm32f4xx_hal_tim.o
                0x080014cc                HAL_TIM_Base_Start
 .text.HAL_TIM_ConfigClockSource
                0x080014e6      0x172 Drivers\STM32F4xx_HAL_Driver\Src\stm32f4xx_hal_tim.o
                0x080014e6                HAL_TIM_ConfigClockSource
 .text.TIM_Base_SetConfig
                0x08001658       0xc8 Drivers\STM32F4xx_HAL_Driver\Src\stm32f4xx_hal_tim.o
                0x08001658                TIM_Base_SetConfig
 .text.HAL_TIM_Base_Init
                0x08001720       0x34 Drivers\STM32F4xx_HAL_Driver\Src\stm32f4xx_hal_tim.o
                0x08001720                HAL_TIM_Base_Init
 .text.HAL_TIM_OC_Init
                0x08001754       0x34 Drivers\STM32F4xx_HAL_Driver\Src\stm32f4xx_hal_tim.o
                0x08001754                HAL_TIM_OC_Init
 .text.TIM_OC2_SetConfig
                0x08001788       0x60 Drivers\STM32F4xx_HAL_Driver\Src\stm32f4xx_hal_tim.o
                0x08001788                TIM_OC2_SetConfig
 .text.HAL_TIM_OC_ConfigChannel
                0x080017e8       0x5c Drivers\STM32F4xx_HAL_Driver\Src\stm32f4xx_hal_tim.o
                0x080017e8                HAL_TIM_OC_ConfigChannel
 .text.HAL_TIMEx_MasterConfigSynchronization
                0x08001844       0x44 Drivers\STM32F4xx_HAL_Driver\Src\stm32f4xx_hal_tim_ex.o
                0x08001844                HAL_TIMEx_MasterConfigSynchronization
 .text.HAL_TIMEx_ConfigBreakDeadTime
                0x08001888       0x4c Drivers\STM32F4xx_HAL_Driver\Src\stm32f4xx_hal_tim_ex.o
                0x08001888                HAL_TIMEx_ConfigBreakDeadTime
 .text.UART_SetConfig
                0x080018d4      0x234 Drivers\STM32F4xx_HAL_Driver\Src\stm32f4xx_hal_uart.o
 .text.HAL_UART_Init
                0x08001b08       0x5c Drivers\STM32F4xx_HAL_Driver\Src\stm32f4xx_hal_uart.o
                0x08001b08                HAL_UART_Init
 .text.MX_ADC1_Init
                0x08001b64       0x64 Src\adc.o
                0x08001b64                MX_ADC1_Init
 .text.HAL_ADC_MspInit
                0x08001bc8       0x54 Src\adc.o
                0x08001bc8                HAL_ADC_MspInit
 .text.HAL_ADC_ConvCpltCallback
                0x08001c1c        0x4 Src\adc.o
                0x08001c1c                HAL_ADC_ConvCpltCallback
 .text.MX_GPIO_Init
                0x08001c20       0xb0 Src\gpio.o
                0x08001c20                MX_GPIO_Init
 .text.HAL_GPIO_EXTI_Callback
                0x08001cd0       0x20 Src\gpio.o
                0x08001cd0                HAL_GPIO_EXTI_Callback
 .text.MX_I2C1_Init
                0x08001cf0       0x48 Src\i2c.o
                0x08001cf0                MX_I2C1_Init
 .text.HAL_I2C_MspInit
                0x08001d38       0x54 Src\i2c.o
                0x08001d38                HAL_I2C_MspInit
 .text.SystemClock_Config
                0x08001d8c       0xb4 Src\main.o
                0x08001d8c                SystemClock_Config
 .text.startup.main
                0x08001e40       0x54 Src\main.o
                0x08001e40                main
 .text._Error_Handler
                0x08001e94        0x2 Src\main.o
                0x08001e94                _Error_Handler
 .text.HAL_MspInit
                0x08001e96       0x60 Src\stm32f4xx_hal_msp.o
                0x08001e96                HAL_MspInit
 .text.SysTick_Handler
                0x08001ef6        0xe Src\stm32f4xx_it.o
                0x08001ef6                SysTick_Handler
 .text.ADC_IRQHandler
                0x08001f04        0xc Src\stm32f4xx_it.o
                0x08001f04                ADC_IRQHandler
 .text.EXTI15_10_IRQHandler
                0x08001f10        0x8 Src\stm32f4xx_it.o
                0x08001f10                EXTI15_10_IRQHandler
 .text.SystemInit
                0x08001f18       0x4c Src\system_stm32f4xx.o
                0x08001f18                SystemInit
 .text.MX_TIM2_Init
                0x08001f64       0x68 Src\tim.o
                0x08001f64                MX_TIM2_Init
 .text.HAL_TIM_OC_MspInit
                0x08001fcc       0x30 Src\tim.o
                0x08001fcc                HAL_TIM_OC_MspInit
 .text.HAL_TIM_Base_MspInit
                0x08001ffc       0x2c Src\tim.o
                0x08001ffc                HAL_TIM_Base_MspInit
 .text.HAL_TIM_MspPostInit
                0x08002028       0x4c Src\tim.o
                0x08002028                HAL_TIM_MspPostInit
 .text.MX_TIM1_Init
                0x08002074       0xc4 Src\tim.o
                0x08002074                MX_TIM1_Init
 .text.MX_USART2_UART_Init
                0x08002138       0x40 Src\usart.o
                0x08002138                MX_USART2_UART_Init
 .text.HAL_UART_MspInit
                0x08002178       0x50 Src\usart.o
                0x08002178                HAL_UART_MspInit
 .text.Reset_Handler
                0x080021c8       0x50 startup\startup_stm32f446xx.o
                0x080021c8                Reset_Handler
 .text.Default_Handler
                0x08002218        0x2 startup\startup_stm32f446xx.o
                0x08002218                RTC_Alarm_IRQHandler
                0x08002218                EXTI2_IRQHandler
                0x08002218                TIM8_CC_IRQHandler
                0x08002218                DebugMon_Handler
                0x08002218                SPI4_IRQHandler
                0x08002218                TIM1_CC_IRQHandler
                0x08002218                DMA2_Stream5_IRQHandler
                0x08002218                HardFault_Handler
                0x08002218                DMA1_Stream5_IRQHandler
                0x08002218                PVD_IRQHandler
                0x08002218                SDIO_IRQHandler
                0x08002218                TAMP_STAMP_IRQHandler
                0x08002218                PendSV_Handler
                0x08002218                NMI_Handler
                0x08002218                CAN2_RX1_IRQHandler
                0x08002218                EXTI3_IRQHandler
                0x08002218                TIM8_TRG_COM_TIM14_IRQHandler
                0x08002218                TIM1_UP_TIM10_IRQHandler
                0x08002218                TIM8_UP_TIM13_IRQHandler
                0x08002218                I2C3_ER_IRQHandler
                0x08002218                FMPI2C1_Event_IRQHandler
                0x08002218                EXTI0_IRQHandler
                0x08002218                I2C2_EV_IRQHandler
                0x08002218                DMA1_Stream2_IRQHandler
                0x08002218                CAN1_RX0_IRQHandler
                0x08002218                FPU_IRQHandler
                0x08002218                OTG_HS_WKUP_IRQHandler
                0x08002218                UsageFault_Handler
                0x08002218                CAN2_SCE_IRQHandler
                0x08002218                DMA2_Stream2_IRQHandler
                0x08002218                SPI1_IRQHandler
                0x08002218                TIM6_DAC_IRQHandler
                0x08002218                TIM1_BRK_TIM9_IRQHandler
                0x08002218                DCMI_IRQHandler
                0x08002218                CAN2_RX0_IRQHandler
                0x08002218                DMA2_Stream3_IRQHandler
                0x08002218                SAI2_IRQHandler
                0x08002218                USART6_IRQHandler
                0x08002218                USART3_IRQHandler
                0x08002218                CAN1_RX1_IRQHandler
                0x08002218                UART5_IRQHandler
                0x08002218                DMA2_Stream0_IRQHandler
                0x08002218                TIM4_IRQHandler
                0x08002218                QUADSPI_IRQHandler
                0x08002218                I2C1_EV_IRQHandler
                0x08002218                DMA1_Stream6_IRQHandler
                0x08002218                DMA1_Stream1_IRQHandler
                0x08002218                UART4_IRQHandler
                0x08002218                TIM3_IRQHandler
                0x08002218                RCC_IRQHandler
                0x08002218                TIM8_BRK_TIM12_IRQHandler
                0x08002218                Default_Handler
                0x08002218                CEC_IRQHandler
                0x08002218                DMA1_Stream7_IRQHandler
                0x08002218                TIM7_IRQHandler
                0x08002218                CAN2_TX_IRQHandler
                0x08002218                TIM5_IRQHandler
                0x08002218                DMA2_Stream7_IRQHandler
                0x08002218                I2C3_EV_IRQHandler
                0x08002218                EXTI9_5_IRQHandler
                0x08002218                RTC_WKUP_IRQHandler
                0x08002218                SPDIF_RX_IRQHandler
                0x08002218                SPI2_IRQHandler
                0x08002218                OTG_HS_EP1_IN_IRQHandler
                0x08002218                MemManage_Handler
                0x08002218                DMA1_Stream0_IRQHandler
                0x08002218                CAN1_TX_IRQHandler
                0x08002218                SVC_Handler
                0x08002218                EXTI4_IRQHandler
                0x08002218                OTG_HS_EP1_OUT_IRQHandler
                0x08002218                WWDG_IRQHandler
                0x08002218                TIM2_IRQHandler
                0x08002218                OTG_FS_WKUP_IRQHandler
                0x08002218                TIM1_TRG_COM_TIM11_IRQHandler
                0x08002218                OTG_HS_IRQHandler
                0x08002218                EXTI1_IRQHandler
                0x08002218                USART2_IRQHandler
                0x08002218                I2C2_ER_IRQHandler
                0x08002218                DMA2_Stream1_IRQHandler
                0x08002218                CAN1_SCE_IRQHandler
                0x08002218                FLASH_IRQHandler
                0x08002218                DMA2_Stream4_IRQHandler
                0x08002218                BusFault_Handler
                0x08002218                USART1_IRQHandler
                0x08002218                OTG_FS_IRQHandler
                0x08002218                SPI3_IRQHandler
                0x08002218                DMA1_Stream4_IRQHandler
                0x08002218                I2C1_ER_IRQHandler
                0x08002218                FMC_IRQHandler
                0x08002218                DMA2_Stream6_IRQHandler
                0x08002218                SAI1_IRQHandler
                0x08002218                DMA1_Stream3_IRQHandler
                0x08002218                FMPI2C1_Error_IRQHandler
 *fill*         0x0800221a        0x2 
 .text.__libc_init_array
                0x0800221c       0x48 c:/program files (x86)/atollic/truestudio for stm32 9.0.0/armtools/bin/../lib/gcc/arm-atollic-eabi/6.3.1/../../../../arm-atollic-eabi/lib/armv7e-m/fpu\libc_nano.a(lib_a-init.o)
                0x0800221c                __libc_init_array
 *(.glue_7)
 .glue_7        0x08002264        0x0 linker stubs
 *(.glue_7t)
 .glue_7t       0x08002264        0x0 linker stubs
 *(.eh_frame)
 .eh_frame      0x08002264        0x0 c:/program files (x86)/atollic/truestudio for stm32 9.0.0/armtools/bin/../lib/gcc/arm-atollic-eabi/6.3.1/armv7e-m/fpu/crtbegin.o
 *(.init)
 .init          0x08002264        0x4 c:/program files (x86)/atollic/truestudio for stm32 9.0.0/armtools/bin/../lib/gcc/arm-atollic-eabi/6.3.1/armv7e-m/fpu/crti.o
                0x08002264                _init
 .init          0x08002268        0x8 c:/program files (x86)/atollic/truestudio for stm32 9.0.0/armtools/bin/../lib/gcc/arm-atollic-eabi/6.3.1/armv7e-m/fpu/crtn.o
 *(.fini)
 .fini          0x08002270        0x4 c:/program files (x86)/atollic/truestudio for stm32 9.0.0/armtools/bin/../lib/gcc/arm-atollic-eabi/6.3.1/armv7e-m/fpu/crti.o
                0x08002270                _fini
 .fini          0x08002274        0x8 c:/program files (x86)/atollic/truestudio for stm32 9.0.0/armtools/bin/../lib/gcc/arm-atollic-eabi/6.3.1/armv7e-m/fpu/crtn.o
                0x0800227c                . = ALIGN (0x4)
                0x0800227c                _etext = .

.vfp11_veneer   0x0800227c        0x0
 .vfp11_veneer  0x0800227c        0x0 linker stubs

.v4_bx          0x0800227c        0x0
 .v4_bx         0x0800227c        0x0 linker stubs

.iplt           0x0800227c        0x0
 .iplt          0x0800227c        0x0 c:/program files (x86)/atollic/truestudio for stm32 9.0.0/armtools/bin/../lib/gcc/arm-atollic-eabi/6.3.1/armv7e-m/fpu/crtbegin.o

.rodata         0x0800227c       0x50
                0x0800227c                . = ALIGN (0x4)
 *(.rodata)
 *(.rodata*)
 .rodata.MX_ADC1_Init.str1.1
                0x0800227c        0xd Src\adc.o
 .rodata.MX_I2C1_Init.str1.1
                0x08002289        0xd Src\i2c.o
 .rodata.AHBPrescTable
                0x08002296       0x10 Src\system_stm32f4xx.o
                0x08002296                AHBPrescTable
 .rodata.APBPrescTable
                0x080022a6        0x8 Src\system_stm32f4xx.o
                0x080022a6                APBPrescTable
 .rodata.MX_TIM2_Init.str1.1
                0x080022ae        0xd Src\tim.o
 .rodata.MX_USART2_UART_Init.str1.1
                0x080022bb        0xf Src\usart.o
                0x080022cc                . = ALIGN (0x4)
 *fill*         0x080022ca        0x2 

.ARM.extab
 *(.ARM.extab* .gnu.linkonce.armextab.*)

.ARM            0x080022cc        0x8
                0x080022cc                __exidx_start = .
 *(.ARM.exidx*)
 .ARM.exidx     0x080022cc        0x8 c:/program files (x86)/atollic/truestudio for stm32 9.0.0/armtools/bin/../lib/gcc/arm-atollic-eabi/6.3.1/armv7e-m/fpu\libgcc.a(_udivmoddi4.o)
                0x080022d4                __exidx_end = .

.rel.dyn        0x080022d4        0x0
 .rel.iplt      0x080022d4        0x0 c:/program files (x86)/atollic/truestudio for stm32 9.0.0/armtools/bin/../lib/gcc/arm-atollic-eabi/6.3.1/armv7e-m/fpu/crtbegin.o

.preinit_array  0x080022d4        0x0
                0x080022d4                PROVIDE (__preinit_array_start, .)
 *(.preinit_array*)
                0x080022d4                PROVIDE (__preinit_array_end, .)

.init_array     0x080022d4        0x4
                0x080022d4                PROVIDE (__init_array_start, .)
 *(SORT(.init_array.*))
 *(.init_array*)
 .init_array    0x080022d4        0x4 c:/program files (x86)/atollic/truestudio for stm32 9.0.0/armtools/bin/../lib/gcc/arm-atollic-eabi/6.3.1/armv7e-m/fpu/crtbegin.o
                0x080022d8                PROVIDE (__init_array_end, .)

.fini_array     0x080022d8        0x4
                [!provide]                PROVIDE (__fini_array_start, .)
 *(SORT(.fini_array.*))
 *(.fini_array*)
 .fini_array    0x080022d8        0x4 c:/program files (x86)/atollic/truestudio for stm32 9.0.0/armtools/bin/../lib/gcc/arm-atollic-eabi/6.3.1/armv7e-m/fpu/crtbegin.o
                [!provide]                PROVIDE (__fini_array_end, .)
                0x080022dc                _sidata = LOADADDR (.data)

.data           0x20000000       0x10 load address 0x080022dc
                0x20000000                . = ALIGN (0x4)
                0x20000000                _sdata = .
 *(.data)
 *(.data*)
 .data.uwTickFreq
                0x20000000        0x1 Drivers\STM32F4xx_HAL_Driver\Src\stm32f4xx_hal.o
                0x20000000                uwTickFreq
 *fill*         0x20000001        0x3 
 .data.uwTickPrio
                0x20000004        0x4 Drivers\STM32F4xx_HAL_Driver\Src\stm32f4xx_hal.o
                0x20000004                uwTickPrio
 .data.blinkDelay
                0x20000008        0x2 Src\main.o
                0x20000008                blinkDelay
 *fill*         0x2000000a        0x2 
 .data.SystemCoreClock
                0x2000000c        0x4 Src\system_stm32f4xx.o
                0x2000000c                SystemCoreClock
                0x20000010                . = ALIGN (0x4)
                0x20000010                _edata = .

.igot.plt       0x20000010        0x0 load address 0x080022ec
 .igot.plt      0x20000010        0x0 c:/program files (x86)/atollic/truestudio for stm32 9.0.0/armtools/bin/../lib/gcc/arm-atollic-eabi/6.3.1/armv7e-m/fpu/crtbegin.o
                0x20000010                . = ALIGN (0x4)

.bss            0x20000010      0x174 load address 0x080022ec
                0x20000010                _sbss = .
                0x20000010                __bss_start__ = _sbss
 *(.bss)
 .bss           0x20000010       0x1c c:/program files (x86)/atollic/truestudio for stm32 9.0.0/armtools/bin/../lib/gcc/arm-atollic-eabi/6.3.1/armv7e-m/fpu/crtbegin.o
 *(.bss*)
 *(COMMON)
 COMMON         0x2000002c        0x4 Drivers\STM32F4xx_HAL_Driver\Src\stm32f4xx_hal.o
                0x2000002c                uwTick
 COMMON         0x20000030       0x48 Src\adc.o
                0x20000030                hadc1
 COMMON         0x20000078       0x54 Src\i2c.o
                0x20000078                hi2c1
 COMMON         0x200000cc       0x78 Src\tim.o
                0x200000cc                htim1
                0x20000108                htim2
 COMMON         0x20000144       0x40 Src\usart.o
                0x20000144                huart2
                0x20000184                . = ALIGN (0x4)
                0x20000184                _ebss = .
                0x20000184                __bss_end__ = _ebss

._user_heap_stack
                0x20000184      0x600 load address 0x080022ec
                0x20000184                . = ALIGN (0x4)
                [!provide]                PROVIDE (end, .)
                [!provide]                PROVIDE (_end, .)
                0x20000384                . = (. + _Min_Heap_Size)
 *fill*         0x20000184      0x200 
                0x20000784                . = (. + _Min_Stack_Size)
 *fill*         0x20000384      0x400 
                0x20000784                . = ALIGN (0x4)

/DISCARD/
 libc.a(*)
 libm.a(*)
 libgcc.a(*)

.ARM.attributes
                0x00000000       0x30
 *(.ARM.attributes)
 .ARM.attributes
                0x00000000       0x22 c:/program files (x86)/atollic/truestudio for stm32 9.0.0/armtools/bin/../lib/gcc/arm-atollic-eabi/6.3.1/armv7e-m/fpu/crti.o
 .ARM.attributes
                0x00000022       0x34 c:/program files (x86)/atollic/truestudio for stm32 9.0.0/armtools/bin/../lib/gcc/arm-atollic-eabi/6.3.1/armv7e-m/fpu/crtbegin.o
 .ARM.attributes
                0x00000056       0x39 Drivers\STM32F4xx_HAL_Driver\Src\stm32f4xx_hal.o
 .ARM.attributes
                0x0000008f       0x39 Drivers\STM32F4xx_HAL_Driver\Src\stm32f4xx_hal_adc.o
 .ARM.attributes
                0x000000c8       0x39 Drivers\STM32F4xx_HAL_Driver\Src\stm32f4xx_hal_adc_ex.o
 .ARM.attributes
                0x00000101       0x39 Drivers\STM32F4xx_HAL_Driver\Src\stm32f4xx_hal_cortex.o
 .ARM.attributes
                0x0000013a       0x39 Drivers\STM32F4xx_HAL_Driver\Src\stm32f4xx_hal_gpio.o
 .ARM.attributes
                0x00000173       0x39 Drivers\STM32F4xx_HAL_Driver\Src\stm32f4xx_hal_i2c.o
 .ARM.attributes
                0x000001ac       0x39 Drivers\STM32F4xx_HAL_Driver\Src\stm32f4xx_hal_pwr_ex.o
 .ARM.attributes
                0x000001e5       0x39 Drivers\STM32F4xx_HAL_Driver\Src\stm32f4xx_hal_rcc.o
 .ARM.attributes
                0x0000021e       0x39 Drivers\STM32F4xx_HAL_Driver\Src\stm32f4xx_hal_rcc_ex.o
 .ARM.attributes
                0x00000257       0x39 Drivers\STM32F4xx_HAL_Driver\Src\stm32f4xx_hal_tim.o
 .ARM.attributes
                0x00000290       0x39 Drivers\STM32F4xx_HAL_Driver\Src\stm32f4xx_hal_tim_ex.o
 .ARM.attributes
                0x000002c9       0x39 Drivers\STM32F4xx_HAL_Driver\Src\stm32f4xx_hal_uart.o
 .ARM.attributes
                0x00000302       0x39 Src\adc.o
 .ARM.attributes
                0x0000033b       0x39 Src\gpio.o
 .ARM.attributes
                0x00000374       0x39 Src\i2c.o
 .ARM.attributes
                0x000003ad       0x39 Src\main.o
 .ARM.attributes
                0x000003e6       0x39 Src\stm32f4xx_hal_msp.o
 .ARM.attributes
                0x0000041f       0x39 Src\stm32f4xx_it.o
 .ARM.attributes
                0x00000458       0x39 Src\system_stm32f4xx.o
 .ARM.attributes
                0x00000491       0x39 Src\tim.o
 .ARM.attributes
                0x000004ca       0x39 Src\usart.o
 .ARM.attributes
                0x00000503       0x21 startup\startup_stm32f446xx.o
 .ARM.attributes
                0x00000524       0x34 c:/program files (x86)/atollic/truestudio for stm32 9.0.0/armtools/bin/../lib/gcc/arm-atollic-eabi/6.3.1/../../../../arm-atollic-eabi/lib/armv7e-m/fpu\libc_nano.a(lib_a-init.o)
 .ARM.attributes
                0x00000558       0x22 c:/program files (x86)/atollic/truestudio for stm32 9.0.0/armtools/bin/../lib/gcc/arm-atollic-eabi/6.3.1/armv7e-m/fpu\libgcc.a(_aeabi_uldivmod.o)
 .ARM.attributes
                0x0000057a       0x34 c:/program files (x86)/atollic/truestudio for stm32 9.0.0/armtools/bin/../lib/gcc/arm-atollic-eabi/6.3.1/armv7e-m/fpu\libgcc.a(_udivmoddi4.o)
 .ARM.attributes
                0x000005ae       0x22 c:/program files (x86)/atollic/truestudio for stm32 9.0.0/armtools/bin/../lib/gcc/arm-atollic-eabi/6.3.1/armv7e-m/fpu\libgcc.a(_dvmd_tls.o)
 .ARM.attributes
                0x000005d0       0x22 c:/program files (x86)/atollic/truestudio for stm32 9.0.0/armtools/bin/../lib/gcc/arm-atollic-eabi/6.3.1/armv7e-m/fpu/crtn.o
OUTPUT(Fachvertiefung Mechatronik.elf elf32-littlearm)

.debug_info     0x00000000    0x1ed3a
 .debug_info    0x00000000     0x1264 Drivers\STM32F4xx_HAL_Driver\Src\stm32f4xx_hal.o
 .debug_info    0x00001264     0x15bd Drivers\STM32F4xx_HAL_Driver\Src\stm32f4xx_hal_adc.o
 .debug_info    0x00002821     0x13ed Drivers\STM32F4xx_HAL_Driver\Src\stm32f4xx_hal_adc_ex.o
 .debug_info    0x00003c0e     0x1788 Drivers\STM32F4xx_HAL_Driver\Src\stm32f4xx_hal_cortex.o
 .debug_info    0x00005396      0xfe6 Drivers\STM32F4xx_HAL_Driver\Src\stm32f4xx_hal_gpio.o
 .debug_info    0x0000637c     0x37a4 Drivers\STM32F4xx_HAL_Driver\Src\stm32f4xx_hal_i2c.o
 .debug_info    0x00009b20     0x1031 Drivers\STM32F4xx_HAL_Driver\Src\stm32f4xx_hal_pwr_ex.o
 .debug_info    0x0000ab51     0x12b9 Drivers\STM32F4xx_HAL_Driver\Src\stm32f4xx_hal_rcc.o
 .debug_info    0x0000be0a     0x1420 Drivers\STM32F4xx_HAL_Driver\Src\stm32f4xx_hal_rcc_ex.o
 .debug_info    0x0000d22a     0x3bb2 Drivers\STM32F4xx_HAL_Driver\Src\stm32f4xx_hal_tim.o
 .debug_info    0x00010ddc     0x19b5 Drivers\STM32F4xx_HAL_Driver\Src\stm32f4xx_hal_tim_ex.o
 .debug_info    0x00012791     0x1eae Drivers\STM32F4xx_HAL_Driver\Src\stm32f4xx_hal_uart.o
 .debug_info    0x0001463f     0x158b Src\adc.o
 .debug_info    0x00015bca      0xfe7 Src\gpio.o
 .debug_info    0x00016bb1     0x125f Src\i2c.o
 .debug_info    0x00017e10     0x1d99 Src\main.o
 .debug_info    0x00019ba9      0xca5 Src\stm32f4xx_hal_msp.o
 .debug_info    0x0001a84e      0xe64 Src\stm32f4xx_it.o
 .debug_info    0x0001b6b2      0xd76 Src\system_stm32f4xx.o
 .debug_info    0x0001c428     0x16bf Src\tim.o
 .debug_info    0x0001dae7     0x11bb Src\usart.o
 .debug_info    0x0001eca2       0x98 startup\startup_stm32f446xx.o

.debug_abbrev   0x00000000     0x38d6
 .debug_abbrev  0x00000000      0x308 Drivers\STM32F4xx_HAL_Driver\Src\stm32f4xx_hal.o
 .debug_abbrev  0x00000308      0x321 Drivers\STM32F4xx_HAL_Driver\Src\stm32f4xx_hal_adc.o
 .debug_abbrev  0x00000629      0x2e6 Drivers\STM32F4xx_HAL_Driver\Src\stm32f4xx_hal_adc_ex.o
 .debug_abbrev  0x0000090f      0x399 Drivers\STM32F4xx_HAL_Driver\Src\stm32f4xx_hal_cortex.o
 .debug_abbrev  0x00000ca8      0x268 Drivers\STM32F4xx_HAL_Driver\Src\stm32f4xx_hal_gpio.o
 .debug_abbrev  0x00000f10      0x3b4 Drivers\STM32F4xx_HAL_Driver\Src\stm32f4xx_hal_i2c.o
 .debug_abbrev  0x000012c4      0x291 Drivers\STM32F4xx_HAL_Driver\Src\stm32f4xx_hal_pwr_ex.o
 .debug_abbrev  0x00001555      0x353 Drivers\STM32F4xx_HAL_Driver\Src\stm32f4xx_hal_rcc.o
 .debug_abbrev  0x000018a8      0x295 Drivers\STM32F4xx_HAL_Driver\Src\stm32f4xx_hal_rcc_ex.o
 .debug_abbrev  0x00001b3d      0x3ac Drivers\STM32F4xx_HAL_Driver\Src\stm32f4xx_hal_tim.o
 .debug_abbrev  0x00001ee9      0x300 Drivers\STM32F4xx_HAL_Driver\Src\stm32f4xx_hal_tim_ex.o
 .debug_abbrev  0x000021e9      0x397 Drivers\STM32F4xx_HAL_Driver\Src\stm32f4xx_hal_uart.o
 .debug_abbrev  0x00002580      0x23d Src\adc.o
 .debug_abbrev  0x000027bd      0x220 Src\gpio.o
 .debug_abbrev  0x000029dd      0x229 Src\i2c.o
 .debug_abbrev  0x00002c06      0x286 Src\main.o
 .debug_abbrev  0x00002e8c      0x1d3 Src\stm32f4xx_hal_msp.o
 .debug_abbrev  0x0000305f      0x1f4 Src\stm32f4xx_it.o
 .debug_abbrev  0x00003253      0x1ca Src\system_stm32f4xx.o
 .debug_abbrev  0x0000341d      0x280 Src\tim.o
 .debug_abbrev  0x0000369d      0x227 Src\usart.o
 .debug_abbrev  0x000038c4       0x12 startup\startup_stm32f446xx.o

.debug_loc      0x00000000     0xa285
 .debug_loc     0x00000000      0x11b Drivers\STM32F4xx_HAL_Driver\Src\stm32f4xx_hal.o
 .debug_loc     0x0000011b      0x7c5 Drivers\STM32F4xx_HAL_Driver\Src\stm32f4xx_hal_adc.o
 .debug_loc     0x000008e0      0x7d1 Drivers\STM32F4xx_HAL_Driver\Src\stm32f4xx_hal_adc_ex.o
 .debug_loc     0x000010b1      0x4fb Drivers\STM32F4xx_HAL_Driver\Src\stm32f4xx_hal_cortex.o
 .debug_loc     0x000015ac      0x3cd Drivers\STM32F4xx_HAL_Driver\Src\stm32f4xx_hal_gpio.o
 .debug_loc     0x00001979     0x2bba Drivers\STM32F4xx_HAL_Driver\Src\stm32f4xx_hal_i2c.o
 .debug_loc     0x00004533      0x15d Drivers\STM32F4xx_HAL_Driver\Src\stm32f4xx_hal_pwr_ex.o
 .debug_loc     0x00004690      0x336 Drivers\STM32F4xx_HAL_Driver\Src\stm32f4xx_hal_rcc.o
 .debug_loc     0x000049c6      0xa31 Drivers\STM32F4xx_HAL_Driver\Src\stm32f4xx_hal_rcc_ex.o
 .debug_loc     0x000053f7     0x30b2 Drivers\STM32F4xx_HAL_Driver\Src\stm32f4xx_hal_tim.o
 .debug_loc     0x000084a9      0x84a Drivers\STM32F4xx_HAL_Driver\Src\stm32f4xx_hal_tim_ex.o
 .debug_loc     0x00008cf3     0x132c Drivers\STM32F4xx_HAL_Driver\Src\stm32f4xx_hal_uart.o
 .debug_loc     0x0000a01f       0x6e Src\adc.o
 .debug_loc     0x0000a08d       0x4d Src\i2c.o
 .debug_loc     0x0000a0da      0x11c Src\system_stm32f4xx.o
 .debug_loc     0x0000a1f6       0x42 Src\tim.o
 .debug_loc     0x0000a238       0x4d Src\usart.o

.debug_aranges  0x00000000      0xca0
 .debug_aranges
                0x00000000       0xd8 Drivers\STM32F4xx_HAL_Driver\Src\stm32f4xx_hal.o
 .debug_aranges
                0x000000d8       0xb8 Drivers\STM32F4xx_HAL_Driver\Src\stm32f4xx_hal_adc.o
 .debug_aranges
                0x00000190       0x90 Drivers\STM32F4xx_HAL_Driver\Src\stm32f4xx_hal_adc_ex.o
 .debug_aranges
                0x00000220       0xa8 Drivers\STM32F4xx_HAL_Driver\Src\stm32f4xx_hal_cortex.o
 .debug_aranges
                0x000002c8       0x58 Drivers\STM32F4xx_HAL_Driver\Src\stm32f4xx_hal_gpio.o
 .debug_aranges
                0x00000320      0x190 Drivers\STM32F4xx_HAL_Driver\Src\stm32f4xx_hal_i2c.o
 .debug_aranges
                0x000004b0       0x60 Drivers\STM32F4xx_HAL_Driver\Src\stm32f4xx_hal_pwr_ex.o
 .debug_aranges
                0x00000510       0x88 Drivers\STM32F4xx_HAL_Driver\Src\stm32f4xx_hal_rcc.o
 .debug_aranges
                0x00000598       0x78 Drivers\STM32F4xx_HAL_Driver\Src\stm32f4xx_hal_rcc_ex.o
 .debug_aranges
                0x00000610      0x250 Drivers\STM32F4xx_HAL_Driver\Src\stm32f4xx_hal_tim.o
 .debug_aranges
                0x00000860       0xf0 Drivers\STM32F4xx_HAL_Driver\Src\stm32f4xx_hal_tim_ex.o
 .debug_aranges
                0x00000950      0x170 Drivers\STM32F4xx_HAL_Driver\Src\stm32f4xx_hal_uart.o
 .debug_aranges
                0x00000ac0       0x38 Src\adc.o
 .debug_aranges
                0x00000af8       0x28 Src\gpio.o
 .debug_aranges
                0x00000b20       0x30 Src\i2c.o
 .debug_aranges
                0x00000b50       0x30 Src\main.o
 .debug_aranges
                0x00000b80       0x20 Src\stm32f4xx_hal_msp.o
 .debug_aranges
                0x00000ba0       0x30 Src\stm32f4xx_it.o
 .debug_aranges
                0x00000bd0       0x28 Src\system_stm32f4xx.o
 .debug_aranges
                0x00000bf8       0x50 Src\tim.o
 .debug_aranges
                0x00000c48       0x30 Src\usart.o
 .debug_aranges
                0x00000c78       0x28 startup\startup_stm32f446xx.o

.debug_ranges   0x00000000     0x1028
 .debug_ranges  0x00000000       0xc8 Drivers\STM32F4xx_HAL_Driver\Src\stm32f4xx_hal.o
 .debug_ranges  0x000000c8       0xc8 Drivers\STM32F4xx_HAL_Driver\Src\stm32f4xx_hal_adc.o
 .debug_ranges  0x00000190       0x80 Drivers\STM32F4xx_HAL_Driver\Src\stm32f4xx_hal_adc_ex.o
 .debug_ranges  0x00000210      0x138 Drivers\STM32F4xx_HAL_Driver\Src\stm32f4xx_hal_cortex.o
 .debug_ranges  0x00000348       0x68 Drivers\STM32F4xx_HAL_Driver\Src\stm32f4xx_hal_gpio.o
 .debug_ranges  0x000003b0      0x358 Drivers\STM32F4xx_HAL_Driver\Src\stm32f4xx_hal_i2c.o
 .debug_ranges  0x00000708       0xb0 Drivers\STM32F4xx_HAL_Driver\Src\stm32f4xx_hal_pwr_ex.o
 .debug_ranges  0x000007b8       0xb0 Drivers\STM32F4xx_HAL_Driver\Src\stm32f4xx_hal_rcc.o
 .debug_ranges  0x00000868       0x80 Drivers\STM32F4xx_HAL_Driver\Src\stm32f4xx_hal_rcc_ex.o
 .debug_ranges  0x000008e8      0x330 Drivers\STM32F4xx_HAL_Driver\Src\stm32f4xx_hal_tim.o
 .debug_ranges  0x00000c18       0xe0 Drivers\STM32F4xx_HAL_Driver\Src\stm32f4xx_hal_tim_ex.o
 .debug_ranges  0x00000cf8      0x178 Drivers\STM32F4xx_HAL_Driver\Src\stm32f4xx_hal_uart.o
 .debug_ranges  0x00000e70       0x48 Src\adc.o
 .debug_ranges  0x00000eb8       0x50 Src\gpio.o
 .debug_ranges  0x00000f08       0x20 Src\i2c.o
 .debug_ranges  0x00000f28       0x20 Src\main.o
 .debug_ranges  0x00000f48       0x10 Src\stm32f4xx_hal_msp.o
 .debug_ranges  0x00000f58       0x20 Src\stm32f4xx_it.o
 .debug_ranges  0x00000f78       0x18 Src\system_stm32f4xx.o
 .debug_ranges  0x00000f90       0x40 Src\tim.o
 .debug_ranges  0x00000fd0       0x38 Src\usart.o
 .debug_ranges  0x00001008       0x20 startup\startup_stm32f446xx.o

.debug_line     0x00000000     0x86da
 .debug_line    0x00000000      0x4a3 Drivers\STM32F4xx_HAL_Driver\Src\stm32f4xx_hal.o
 .debug_line    0x000004a3      0x771 Drivers\STM32F4xx_HAL_Driver\Src\stm32f4xx_hal_adc.o
 .debug_line    0x00000c14      0x64e Drivers\STM32F4xx_HAL_Driver\Src\stm32f4xx_hal_adc_ex.o
 .debug_line    0x00001262      0x4ed Drivers\STM32F4xx_HAL_Driver\Src\stm32f4xx_hal_cortex.o
 .debug_line    0x0000174f      0x486 Drivers\STM32F4xx_HAL_Driver\Src\stm32f4xx_hal_gpio.o
 .debug_line    0x00001bd5     0x1898 Drivers\STM32F4xx_HAL_Driver\Src\stm32f4xx_hal_i2c.o
 .debug_line    0x0000346d      0x3f8 Drivers\STM32F4xx_HAL_Driver\Src\stm32f4xx_hal_pwr_ex.o
 .debug_line    0x00003865      0x59c Drivers\STM32F4xx_HAL_Driver\Src\stm32f4xx_hal_rcc.o
 .debug_line    0x00003e01      0x79b Drivers\STM32F4xx_HAL_Driver\Src\stm32f4xx_hal_rcc_ex.o
 .debug_line    0x0000459c     0x1190 Drivers\STM32F4xx_HAL_Driver\Src\stm32f4xx_hal_tim.o
 .debug_line    0x0000572c      0x6dc Drivers\STM32F4xx_HAL_Driver\Src\stm32f4xx_hal_tim_ex.o
 .debug_line    0x00005e08      0xc00 Drivers\STM32F4xx_HAL_Driver\Src\stm32f4xx_hal_uart.o
 .debug_line    0x00006a08      0x35c Src\adc.o
 .debug_line    0x00006d64      0x2ce Src\gpio.o
 .debug_line    0x00007032      0x311 Src\i2c.o
 .debug_line    0x00007343      0x40f Src\main.o
 .debug_line    0x00007752      0x29a Src\stm32f4xx_hal_msp.o
 .debug_line    0x000079ec      0x320 Src\stm32f4xx_it.o
 .debug_line    0x00007d0c      0x286 Src\system_stm32f4xx.o
 .debug_line    0x00007f92      0x3b2 Src\tim.o
 .debug_line    0x00008344      0x317 Src\usart.o
 .debug_line    0x0000865b       0x7f startup\startup_stm32f446xx.o

.debug_str      0x00000000     0x4cec
 .debug_str     0x00000000      0xf96 Drivers\STM32F4xx_HAL_Driver\Src\stm32f4xx_hal.o
                               0x105f (size before relaxing)
 .debug_str     0x00000f96      0x67a Drivers\STM32F4xx_HAL_Driver\Src\stm32f4xx_hal_adc.o
                                0xde5 (size before relaxing)
 .debug_str     0x00001610      0x2df Drivers\STM32F4xx_HAL_Driver\Src\stm32f4xx_hal_adc_ex.o
                                0xe48 (size before relaxing)
 .debug_str     0x000018ef      0x3c3 Drivers\STM32F4xx_HAL_Driver\Src\stm32f4xx_hal_cortex.o
                               0x1111 (size before relaxing)
 .debug_str     0x00001cb2      0x1cd Drivers\STM32F4xx_HAL_Driver\Src\stm32f4xx_hal_gpio.o
                                0x9b7 (size before relaxing)
 .debug_str     0x00001e7f      0xa6c Drivers\STM32F4xx_HAL_Driver\Src\stm32f4xx_hal_i2c.o
                               0x13dd (size before relaxing)
 .debug_str     0x000028eb      0x170 Drivers\STM32F4xx_HAL_Driver\Src\stm32f4xx_hal_pwr_ex.o
                                0x9c2 (size before relaxing)
 .debug_str     0x00002a5b      0x2c2 Drivers\STM32F4xx_HAL_Driver\Src\stm32f4xx_hal_rcc.o
                                0xb8f (size before relaxing)
 .debug_str     0x00002d1d      0x33f Drivers\STM32F4xx_HAL_Driver\Src\stm32f4xx_hal_rcc_ex.o
                                0xca6 (size before relaxing)
 .debug_str     0x0000305c      0xeda Drivers\STM32F4xx_HAL_Driver\Src\stm32f4xx_hal_tim.o
                               0x1857 (size before relaxing)
 .debug_str     0x00003f36      0x50d Drivers\STM32F4xx_HAL_Driver\Src\stm32f4xx_hal_tim_ex.o
                               0x1117 (size before relaxing)
 .debug_str     0x00004443      0x6b9 Drivers\STM32F4xx_HAL_Driver\Src\stm32f4xx_hal_uart.o
                               0x1094 (size before relaxing)
 .debug_str     0x00004afc       0x39 Src\adc.o
                               0x1250 (size before relaxing)
 .debug_str     0x00004b35       0x1b Src\gpio.o
                                0xdc7 (size before relaxing)
 .debug_str     0x00004b50       0x2a Src\i2c.o
                                0xd70 (size before relaxing)
 .debug_str     0x00004b7a       0x6c Src\main.o
                               0x194c (size before relaxing)
 .debug_str     0x00004be6       0x1b Src\stm32f4xx_hal_msp.o
                                0xbec (size before relaxing)
 .debug_str     0x00004c01       0x3b Src\stm32f4xx_it.o
                                0xab6 (size before relaxing)
 .debug_str     0x00004c3c       0x45 Src\system_stm32f4xx.o
                                0x82f (size before relaxing)
 .debug_str     0x00004c81       0x51 Src\tim.o
                                0xf3d (size before relaxing)
 .debug_str     0x00004cd2       0x1a Src\usart.o
                                0xc95 (size before relaxing)

.comment        0x00000000       0x7c
 .comment       0x00000000       0x7c Drivers\STM32F4xx_HAL_Driver\Src\stm32f4xx_hal.o
                                 0x7d (size before relaxing)
 .comment       0x0000007c       0x7d Drivers\STM32F4xx_HAL_Driver\Src\stm32f4xx_hal_adc.o
 .comment       0x0000007c       0x7d Drivers\STM32F4xx_HAL_Driver\Src\stm32f4xx_hal_adc_ex.o
 .comment       0x0000007c       0x7d Drivers\STM32F4xx_HAL_Driver\Src\stm32f4xx_hal_cortex.o
 .comment       0x0000007c       0x7d Drivers\STM32F4xx_HAL_Driver\Src\stm32f4xx_hal_gpio.o
 .comment       0x0000007c       0x7d Drivers\STM32F4xx_HAL_Driver\Src\stm32f4xx_hal_i2c.o
 .comment       0x0000007c       0x7d Drivers\STM32F4xx_HAL_Driver\Src\stm32f4xx_hal_pwr_ex.o
 .comment       0x0000007c       0x7d Drivers\STM32F4xx_HAL_Driver\Src\stm32f4xx_hal_rcc.o
 .comment       0x0000007c       0x7d Drivers\STM32F4xx_HAL_Driver\Src\stm32f4xx_hal_rcc_ex.o
 .comment       0x0000007c       0x7d Drivers\STM32F4xx_HAL_Driver\Src\stm32f4xx_hal_tim.o
 .comment       0x0000007c       0x7d Drivers\STM32F4xx_HAL_Driver\Src\stm32f4xx_hal_tim_ex.o
 .comment       0x0000007c       0x7d Drivers\STM32F4xx_HAL_Driver\Src\stm32f4xx_hal_uart.o
 .comment       0x0000007c       0x7d Src\adc.o
 .comment       0x0000007c       0x7d Src\gpio.o
 .comment       0x0000007c       0x7d Src\i2c.o
 .comment       0x0000007c       0x7d Src\main.o
 .comment       0x0000007c       0x7d Src\stm32f4xx_hal_msp.o
 .comment       0x0000007c       0x7d Src\stm32f4xx_it.o
 .comment       0x0000007c       0x7d Src\system_stm32f4xx.o
 .comment       0x0000007c       0x7d Src\tim.o
 .comment       0x0000007c       0x7d Src\usart.o

.debug_frame    0x00000000     0x258c
 .debug_frame   0x00000000      0x1d0 Drivers\STM32F4xx_HAL_Driver\Src\stm32f4xx_hal.o
 .debug_frame   0x000001d0      0x244 Drivers\STM32F4xx_HAL_Driver\Src\stm32f4xx_hal_adc.o
 .debug_frame   0x00000414      0x160 Drivers\STM32F4xx_HAL_Driver\Src\stm32f4xx_hal_adc_ex.o
 .debug_frame   0x00000574      0x158 Drivers\STM32F4xx_HAL_Driver\Src\stm32f4xx_hal_cortex.o
 .debug_frame   0x000006cc       0xd8 Drivers\STM32F4xx_HAL_Driver\Src\stm32f4xx_hal_gpio.o
 .debug_frame   0x000007a4      0x684 Drivers\STM32F4xx_HAL_Driver\Src\stm32f4xx_hal_i2c.o
 .debug_frame   0x00000e28       0xf4 Drivers\STM32F4xx_HAL_Driver\Src\stm32f4xx_hal_pwr_ex.o
 .debug_frame   0x00000f1c      0x13c Drivers\STM32F4xx_HAL_Driver\Src\stm32f4xx_hal_rcc.o
 .debug_frame   0x00001058      0x150 Drivers\STM32F4xx_HAL_Driver\Src\stm32f4xx_hal_rcc_ex.o
 .debug_frame   0x000011a8      0x854 Drivers\STM32F4xx_HAL_Driver\Src\stm32f4xx_hal_tim.o
 .debug_frame   0x000019fc      0x330 Drivers\STM32F4xx_HAL_Driver\Src\stm32f4xx_hal_tim_ex.o
 .debug_frame   0x00001d2c      0x4a0 Drivers\STM32F4xx_HAL_Driver\Src\stm32f4xx_hal_uart.o
 .debug_frame   0x000021cc       0x7c Src\adc.o
 .debug_frame   0x00002248       0x44 Src\gpio.o
 .debug_frame   0x0000228c       0x58 Src\i2c.o
 .debug_frame   0x000022e4       0x58 Src\main.o
 .debug_frame   0x0000233c       0x2c Src\stm32f4xx_hal_msp.o
 .debug_frame   0x00002368       0x4c Src\stm32f4xx_it.o
 .debug_frame   0x000023b4       0x38 Src\system_stm32f4xx.o
 .debug_frame   0x000023ec       0xbc Src\tim.o
 .debug_frame   0x000024a8       0x58 Src\usart.o
 .debug_frame   0x00002500       0x2c c:/program files (x86)/atollic/truestudio for stm32 9.0.0/armtools/bin/../lib/gcc/arm-atollic-eabi/6.3.1/../../../../arm-atollic-eabi/lib/armv7e-m/fpu\libc_nano.a(lib_a-init.o)
 .debug_frame   0x0000252c       0x2c c:/program files (x86)/atollic/truestudio for stm32 9.0.0/armtools/bin/../lib/gcc/arm-atollic-eabi/6.3.1/armv7e-m/fpu\libgcc.a(_aeabi_uldivmod.o)
 .debug_frame   0x00002558       0x34 c:/program files (x86)/atollic/truestudio for stm32 9.0.0/armtools/bin/../lib/gcc/arm-atollic-eabi/6.3.1/armv7e-m/fpu\libgcc.a(_udivmoddi4.o)
