Archive member included to satisfy reference by file (symbol)

c:/program files (x86)/atollic/truestudio for stm32 9.0.0/armtools/bin/../lib/gcc/arm-atollic-eabi/6.3.1/../../../../arm-atollic-eabi/lib/armv7e-m/fpu\libc_nano.a(lib_a-init.o)
                              startup\startup_stm32f446xx.o (__libc_init_array)
c:/program files (x86)/atollic/truestudio for stm32 9.0.0/armtools/bin/../lib/gcc/arm-atollic-eabi/6.3.1/armv7e-m/fpu\libgcc.a(_aeabi_uldivmod.o)
                              Drivers\STM32F4xx_HAL_Driver\Src\stm32f4xx_hal_rcc.o (__aeabi_uldivmod)
c:/program files (x86)/atollic/truestudio for stm32 9.0.0/armtools/bin/../lib/gcc/arm-atollic-eabi/6.3.1/armv7e-m/fpu\libgcc.a(_udivmoddi4.o)
                              c:/program files (x86)/atollic/truestudio for stm32 9.0.0/armtools/bin/../lib/gcc/arm-atollic-eabi/6.3.1/armv7e-m/fpu\libgcc.a(_aeabi_uldivmod.o) (__udivmoddi4)
c:/program files (x86)/atollic/truestudio for stm32 9.0.0/armtools/bin/../lib/gcc/arm-atollic-eabi/6.3.1/armv7e-m/fpu\libgcc.a(_dvmd_tls.o)
                              c:/program files (x86)/atollic/truestudio for stm32 9.0.0/armtools/bin/../lib/gcc/arm-atollic-eabi/6.3.1/armv7e-m/fpu\libgcc.a(_aeabi_uldivmod.o) (__aeabi_ldiv0)

Allocating common symbols
Common symbol       size              file

hdma_i2c1_tx        0x60              Src\i2c.o
hi2c1               0x54              Src\i2c.o
uwTick              0x4               Drivers\STM32F4xx_HAL_Driver\Src\stm32f4xx_hal.o
pFlash              0x20              Drivers\STM32F4xx_HAL_Driver\Src\stm32f4xx_hal_flash.o
hadc1               0x48              Src\adc.o
htim1               0x3c              Src\tim.o
htim2               0x3c              Src\tim.o
huart2              0x40              Src\usart.o

Discarded input sections

 .text          0x00000000        0x0 c:/program files (x86)/atollic/truestudio for stm32 9.0.0/armtools/bin/../lib/gcc/arm-atollic-eabi/6.3.1/armv7e-m/fpu/crti.o
 .data          0x00000000        0x0 c:/program files (x86)/atollic/truestudio for stm32 9.0.0/armtools/bin/../lib/gcc/arm-atollic-eabi/6.3.1/armv7e-m/fpu/crti.o
 .bss           0x00000000        0x0 c:/program files (x86)/atollic/truestudio for stm32 9.0.0/armtools/bin/../lib/gcc/arm-atollic-eabi/6.3.1/armv7e-m/fpu/crti.o
 .data          0x00000000        0x4 c:/program files (x86)/atollic/truestudio for stm32 9.0.0/armtools/bin/../lib/gcc/arm-atollic-eabi/6.3.1/armv7e-m/fpu/crtbegin.o
 .text          0x00000000        0x0 Drivers\STM32F4xx_HAL_Driver\Src\stm32f4xx_hal.o
 .data          0x00000000        0x0 Drivers\STM32F4xx_HAL_Driver\Src\stm32f4xx_hal.o
 .bss           0x00000000        0x0 Drivers\STM32F4xx_HAL_Driver\Src\stm32f4xx_hal.o
 .text.HAL_MspInit
                0x00000000        0x2 Drivers\STM32F4xx_HAL_Driver\Src\stm32f4xx_hal.o
 .text.HAL_MspDeInit
                0x00000000        0x2 Drivers\STM32F4xx_HAL_Driver\Src\stm32f4xx_hal.o
 .text.HAL_DeInit
                0x00000000       0x2c Drivers\STM32F4xx_HAL_Driver\Src\stm32f4xx_hal.o
 .text.HAL_GetTickPrio
                0x00000000        0xc Drivers\STM32F4xx_HAL_Driver\Src\stm32f4xx_hal.o
 .text.HAL_SetTickFreq
                0x00000000       0x24 Drivers\STM32F4xx_HAL_Driver\Src\stm32f4xx_hal.o
 .text.HAL_GetTickFreq
                0x00000000        0xc Drivers\STM32F4xx_HAL_Driver\Src\stm32f4xx_hal.o
 .text.HAL_SuspendTick
                0x00000000       0x10 Drivers\STM32F4xx_HAL_Driver\Src\stm32f4xx_hal.o
 .text.HAL_ResumeTick
                0x00000000       0x10 Drivers\STM32F4xx_HAL_Driver\Src\stm32f4xx_hal.o
 .text.HAL_GetHalVersion
                0x00000000        0x8 Drivers\STM32F4xx_HAL_Driver\Src\stm32f4xx_hal.o
 .text.HAL_GetREVID
                0x00000000        0xc Drivers\STM32F4xx_HAL_Driver\Src\stm32f4xx_hal.o
 .text.HAL_GetDEVID
                0x00000000       0x10 Drivers\STM32F4xx_HAL_Driver\Src\stm32f4xx_hal.o
 .text.HAL_DBGMCU_EnableDBGSleepMode
                0x00000000       0x10 Drivers\STM32F4xx_HAL_Driver\Src\stm32f4xx_hal.o
 .text.HAL_DBGMCU_DisableDBGSleepMode
                0x00000000       0x10 Drivers\STM32F4xx_HAL_Driver\Src\stm32f4xx_hal.o
 .text.HAL_DBGMCU_EnableDBGStopMode
                0x00000000       0x10 Drivers\STM32F4xx_HAL_Driver\Src\stm32f4xx_hal.o
 .text.HAL_DBGMCU_DisableDBGStopMode
                0x00000000       0x10 Drivers\STM32F4xx_HAL_Driver\Src\stm32f4xx_hal.o
 .text.HAL_DBGMCU_EnableDBGStandbyMode
                0x00000000       0x10 Drivers\STM32F4xx_HAL_Driver\Src\stm32f4xx_hal.o
 .text.HAL_DBGMCU_DisableDBGStandbyMode
                0x00000000       0x10 Drivers\STM32F4xx_HAL_Driver\Src\stm32f4xx_hal.o
 .text.HAL_EnableCompensationCell
                0x00000000        0xc Drivers\STM32F4xx_HAL_Driver\Src\stm32f4xx_hal.o
 .text.HAL_DisableCompensationCell
                0x00000000        0xc Drivers\STM32F4xx_HAL_Driver\Src\stm32f4xx_hal.o
 .text.HAL_GetUID
[...]
Memory Configuration

Name             Origin             Length             Attributes
RAM              0x20000000         0x00020000         xrw
FLASH            0x08000000         0x00080000         xr
*default*        0x00000000         0xffffffff

Linker script and memory map

LOAD c:/program files (x86)/atollic/truestudio for stm32 9.0.0/armtools/bin/../lib/gcc/arm-atollic-eabi/6.3.1/armv7e-m/fpu/crti.o
LOAD c:/program files (x86)/atollic/truestudio for stm32 9.0.0/armtools/bin/../lib/gcc/arm-atollic-eabi/6.3.1/armv7e-m/fpu/crtbegin.o
LOAD Drivers\STM32F4xx_HAL_Driver\Src\stm32f4xx_hal.o
LOAD Drivers\STM32F4xx_HAL_Driver\Src\stm32f4xx_hal_adc.o
LOAD Drivers\STM32F4xx_HAL_Driver\Src\stm32f4xx_hal_adc_ex.o
LOAD Drivers\STM32F4xx_HAL_Driver\Src\stm32f4xx_hal_cortex.o
LOAD Drivers\STM32F4xx_HAL_Driver\Src\stm32f4xx_hal_dma.o
LOAD Drivers\STM32F4xx_HAL_Driver\Src\stm32f4xx_hal_dma_ex.o
LOAD Drivers\STM32F4xx_HAL_Driver\Src\stm32f4xx_hal_flash.o
LOAD Drivers\STM32F4xx_HAL_Driver\Src\stm32f4xx_hal_flash_ex.o
LOAD Drivers\STM32F4xx_HAL_Driver\Src\stm32f4xx_hal_flash_ramfunc.o
LOAD Drivers\STM32F4xx_HAL_Driver\Src\stm32f4xx_hal_gpio.o
LOAD Drivers\STM32F4xx_HAL_Driver\Src\stm32f4xx_hal_i2c.o
LOAD Drivers\STM32F4xx_HAL_Driver\Src\stm32f4xx_hal_i2c_ex.o
LOAD Drivers\STM32F4xx_HAL_Driver\Src\stm32f4xx_hal_pwr.o
LOAD Drivers\STM32F4xx_HAL_Driver\Src\stm32f4xx_hal_pwr_ex.o
LOAD Drivers\STM32F4xx_HAL_Driver\Src\stm32f4xx_hal_rcc.o
LOAD Drivers\STM32F4xx_HAL_Driver\Src\stm32f4xx_hal_rcc_ex.o
LOAD Drivers\STM32F4xx_HAL_Driver\Src\stm32f4xx_hal_tim.o
LOAD Drivers\STM32F4xx_HAL_Driver\Src\stm32f4xx_hal_tim_ex.o
LOAD Drivers\STM32F4xx_HAL_Driver\Src\stm32f4xx_hal_uart.o
LOAD Src\adc.o
LOAD Src\dma.o
LOAD Src\fram.o
LOAD Src\gpio.o
LOAD Src\i2c.o
LOAD Src\main.o
LOAD Src\stm32f4xx_hal_msp.o
LOAD Src\stm32f4xx_it.o
LOAD Src\system_stm32f4xx.o
LOAD Src\tim.o
LOAD Src\usart.o
LOAD startup\startup_stm32f446xx.o
                0x00000080                malloc_getpagesize_P = 0x80
START GROUP
LOAD c:/program files (x86)/atollic/truestudio for stm32 9.0.0/armtools/bin/../lib/gcc/arm-atollic-eabi/6.3.1/../../../../arm-atollic-eabi/lib/armv7e-m/fpu\libc_nano.a
LOAD c:/program files (x86)/atollic/truestudio for stm32 9.0.0/armtools/bin/../lib/gcc/arm-atollic-eabi/6.3.1/../../../../arm-atollic-eabi/lib/armv7e-m/fpu\libm.a
END GROUP
START GROUP
LOAD c:/program files (x86)/atollic/truestudio for stm32 9.0.0/armtools/bin/../lib/gcc/arm-atollic-eabi/6.3.1/armv7e-m/fpu\libgcc.a
LOAD c:/program files (x86)/atollic/truestudio for stm32 9.0.0/armtools/bin/../lib/gcc/arm-atollic-eabi/6.3.1/../../../../arm-atollic-eabi/lib/armv7e-m/fpu\libc_nano.a
END GROUP
START GROUP
LOAD c:/program files (x86)/atollic/truestudio for stm32 9.0.0/armtools/bin/../lib/gcc/arm-atollic-eabi/6.3.1/armv7e-m/fpu\libgcc.a
LOAD c:/program files (x86)/atollic/truestudio for stm32 9.0.0/armtools/bin/../lib/gcc/arm-atollic-eabi/6.3.1/../../../../arm-atollic-eabi/lib/armv7e-m/fpu\libc_nano.a
LOAD c:/program files (x86)/atollic/truestudio for stm32 9.0.0/armtools/bin/../lib/gcc/arm-atollic-eabi/6.3.1/../../../../arm-atollic-eabi/lib/armv7e-m/fpu\libnosys.a
END GROUP
START GROUP
LOAD c:/program files (x86)/atollic/truestudio for stm32 9.0.0/armtools/bin/../lib/gcc/arm-atollic-eabi/6.3.1/armv7e-m/fpu\libgcc.a
LOAD c:/program files (x86)/atollic/truestudio for stm32 9.0.0/armtools/bin/../lib/gcc/arm-atollic-eabi/6.3.1/../../../../arm-atollic-eabi/lib/armv7e-m/fpu\libc_nano.a
LOAD c:/program files (x86)/atollic/truestudio for stm32 9.0.0/armtools/bin/../lib/gcc/arm-atollic-eabi/6.3.1/../../../../arm-atollic-eabi/lib/armv7e-m/fpu\libnosys.a
END GROUP
LOAD c:/program files (x86)/atollic/truestudio for stm32 9.0.0/armtools/bin/../lib/gcc/arm-atollic-eabi/6.3.1/armv7e-m/fpu/crtend.o
LOAD c:/program files (x86)/atollic/truestudio for stm32 9.0.0/armtools/bin/../lib/gcc/arm-atollic-eabi/6.3.1/armv7e-m/fpu/crtn.o
                0x20020000                _estack = 0x20020000
                0x00000200                _Min_Heap_Size = 0x200
                0x00000400                _Min_Stack_Size = 0x400

.isr_vector     0x08000000      0x1c4
                0x08000000                . = ALIGN (0x4)
 *(.isr_vector)
 .isr_vector    0x08000000      0x1c4 startup\startup_stm32f446xx.o
                0x08000000                g_pfnVectors
                0x080001c4                . = ALIGN (0x4)

.text           0x080001c4     0x409c
                0x080001c4                . = ALIGN (0x4)
 *(.text)
 .text          0x080001c4       0x40 c:/program files (x86)/atollic/truestudio for stm32 9.0.0/armtools/bin/../lib/gcc/arm-atollic-eabi/6.3.1/armv7e-m/fpu/crtbegin.o
 .text          0x08000204       0x30 c:/program files (x86)/atollic/truestudio for stm32 9.0.0/armtools/bin/../lib/gcc/arm-atollic-eabi/6.3.1/armv7e-m/fpu\libgcc.a(_aeabi_uldivmod.o)
                0x08000204                __aeabi_uldivmod
 .text          0x08000234      0x2dc c:/program files (x86)/atollic/truestudio for stm32 9.0.0/armtools/bin/../lib/gcc/arm-atollic-eabi/6.3.1/armv7e-m/fpu\libgcc.a(_udivmoddi4.o)
                0x08000234                __udivmoddi4
 .text          0x08000510        0x4 c:/program files (x86)/atollic/truestudio for stm32 9.0.0/armtools/bin/../lib/gcc/arm-atollic-eabi/6.3.1/armv7e-m/fpu\libgcc.a(_dvmd_tls.o)
                0x08000510                __aeabi_idiv0
                0x08000510                __aeabi_ldiv0
 *(.text*)
 .text.HAL_InitTick
                0x08000514       0x4c Drivers\STM32F4xx_HAL_Driver\Src\stm32f4xx_hal.o
                0x08000514                HAL_InitTick
 .text.HAL_Init
                0x08000560       0x34 Drivers\STM32F4xx_HAL_Driver\Src\stm32f4xx_hal.o
                0x08000560                HAL_Init
 .text.HAL_IncTick
                0x08000594       0x18 Drivers\STM32F4xx_HAL_Driver\Src\stm32f4xx_hal.o
                0x08000594                HAL_IncTick
 .text.HAL_GetTick
                0x080005ac        0xc Drivers\STM32F4xx_HAL_Driver\Src\stm32f4xx_hal.o
                0x080005ac                HAL_GetTick
 .text.HAL_Delay
                0x080005b8       0x28 Drivers\STM32F4xx_HAL_Driver\Src\stm32f4xx_hal.o
                0x080005b8                HAL_Delay
 .text.ADC_Init
                0x080005e0      0x130 Drivers\STM32F4xx_HAL_Driver\Src\stm32f4xx_hal_adc.o
 .text.HAL_ADC_Init
                0x08000710       0x54 Drivers\STM32F4xx_HAL_Driver\Src\stm32f4xx_hal_adc.o
                0x08000710                HAL_ADC_Init
 .text.HAL_ADC_Start_IT
                0x08000764      0x108 Drivers\STM32F4xx_HAL_Driver\Src\stm32f4xx_hal_adc.o
                0x08000764                HAL_ADC_Start_IT
 .text.HAL_ADC_GetValue
                0x0800086c        0x6 Drivers\STM32F4xx_HAL_Driver\Src\stm32f4xx_hal_adc.o
                0x0800086c                HAL_ADC_GetValue
 .text.HAL_ADC_LevelOutOfWindowCallback
                0x08000872        0x2 Drivers\STM32F4xx_HAL_Driver\Src\stm32f4xx_hal_adc.o
                0x08000872                HAL_ADC_LevelOutOfWindowCallback
 .text.HAL_ADC_ErrorCallback
                0x08000874        0x2 Drivers\STM32F4xx_HAL_Driver\Src\stm32f4xx_hal_adc.o
                0x08000874                HAL_ADC_ErrorCallback
 .text.HAL_ADC_IRQHandler
                0x08000876      0x14e Drivers\STM32F4xx_HAL_Driver\Src\stm32f4xx_hal_adc.o
                0x08000876                HAL_ADC_IRQHandler
 .text.HAL_ADC_ConfigChannel
                0x080009c4      0x194 Drivers\STM32F4xx_HAL_Driver\Src\stm32f4xx_hal_adc.o
                0x080009c4                HAL_ADC_ConfigChannel
 .text.HAL_ADCEx_InjectedConvCpltCallback
                0x08000b58        0x2 Drivers\STM32F4xx_HAL_Driver\Src\stm32f4xx_hal_adc_ex.o
                0x08000b58                HAL_ADCEx_InjectedConvCpltCallback
 *fill*         0x08000b5a        0x2 
 .text.HAL_NVIC_SetPriorityGrouping
                0x08000b5c       0x24 Drivers\STM32F4xx_HAL_Driver\Src\stm32f4xx_hal_cortex.o
                0x08000b5c                HAL_NVIC_SetPriorityGrouping
 .text.HAL_NVIC_SetPriority
                0x08000b80       0x64 Drivers\STM32F4xx_HAL_Driver\Src\stm32f4xx_hal_cortex.o
                0x08000b80                HAL_NVIC_SetPriority
 .text.HAL_NVIC_EnableIRQ
                0x08000be4       0x18 Drivers\STM32F4xx_HAL_Driver\Src\stm32f4xx_hal_cortex.o
                0x08000be4                HAL_NVIC_EnableIRQ
 .text.HAL_SYSTICK_Config
                0x08000bfc       0x2c Drivers\STM32F4xx_HAL_Driver\Src\stm32f4xx_hal_cortex.o
                0x08000bfc                HAL_SYSTICK_Config
 .text.HAL_SYSTICK_CLKSourceConfig
                0x08000c28       0x20 Drivers\STM32F4xx_HAL_Driver\Src\stm32f4xx_hal_cortex.o
                0x08000c28                HAL_SYSTICK_CLKSourceConfig
 .text.HAL_SYSTICK_Callback
                0x08000c48        0x2 Drivers\STM32F4xx_HAL_Driver\Src\stm32f4xx_hal_cortex.o
                0x08000c48                HAL_SYSTICK_Callback
 .text.HAL_SYSTICK_IRQHandler
                0x08000c4a        0x8 Drivers\STM32F4xx_HAL_Driver\Src\stm32f4xx_hal_cortex.o
                0x08000c4a                HAL_SYSTICK_IRQHandler
 *fill*         0x08000c52        0x2 
 .text.DMA_CalcBaseAndBitshift
                0x08000c54       0x3c Drivers\STM32F4xx_HAL_Driver\Src\stm32f4xx_hal_dma.o
 .text.DMA_CheckFifoParam
                0x08000c90       0x8e Drivers\STM32F4xx_HAL_Driver\Src\stm32f4xx_hal_dma.o
 *fill*         0x08000d1e        0x2 
 .text.HAL_DMA_Init
                0x08000d20       0xd0 Drivers\STM32F4xx_HAL_Driver\Src\stm32f4xx_hal_dma.o
                0x08000d20                HAL_DMA_Init
 .text.HAL_DMA_Abort_IT
                0x08000df0       0x26 Drivers\STM32F4xx_HAL_Driver\Src\stm32f4xx_hal_dma.o
                0x08000df0                HAL_DMA_Abort_IT
 *fill*         0x08000e16        0x2 
 .text.HAL_DMA_IRQHandler
                0x08000e18      0x1dc Drivers\STM32F4xx_HAL_Driver\Src\stm32f4xx_hal_dma.o
                0x08000e18                HAL_DMA_IRQHandler
 .text.HAL_GPIO_Init
                0x08000ff4      0x1c4 Drivers\STM32F4xx_HAL_Driver\Src\stm32f4xx_hal_gpio.o
                0x08000ff4                HAL_GPIO_Init
 .text.HAL_GPIO_WritePin
                0x080011b8        0xc Drivers\STM32F4xx_HAL_Driver\Src\stm32f4xx_hal_gpio.o
                0x080011b8                HAL_GPIO_WritePin
 .text.HAL_GPIO_TogglePin
                0x080011c4        0x8 Drivers\STM32F4xx_HAL_Driver\Src\stm32f4xx_hal_gpio.o
                0x080011c4                HAL_GPIO_TogglePin
 .text.HAL_GPIO_EXTI_IRQHandler
                0x080011cc       0x1c Drivers\STM32F4xx_HAL_Driver\Src\stm32f4xx_hal_gpio.o
                0x080011cc                HAL_GPIO_EXTI_IRQHandler
 .text.I2C_Master_SB
                0x080011e8       0x8a Drivers\STM32F4xx_HAL_Driver\Src\stm32f4xx_hal_i2c.o
 .text.I2C_Master_ADD10
                0x08001272        0xc Drivers\STM32F4xx_HAL_Driver\Src\stm32f4xx_hal_i2c.o
 .text.I2C_Master_ADDR
                0x0800127e      0x1cc Drivers\STM32F4xx_HAL_Driver\Src\stm32f4xx_hal_i2c.o
 .text.I2C_SlaveTransmit_BTF
                0x0800144a       0x20 Drivers\STM32F4xx_HAL_Driver\Src\stm32f4xx_hal_i2c.o
 .text.I2C_SlaveReceive_BTF
                0x0800146a       0x20 Drivers\STM32F4xx_HAL_Driver\Src\stm32f4xx_hal_i2c.o
 .text.I2C_IsAcknowledgeFailed
                0x0800148a       0x2a Drivers\STM32F4xx_HAL_Driver\Src\stm32f4xx_hal_i2c.o
 .text.I2C_WaitOnFlagUntilTimeout
                0x080014b4       0x68 Drivers\STM32F4xx_HAL_Driver\Src\stm32f4xx_hal_i2c.o
 .text.I2C_WaitOnMasterAddressFlagUntilTimeout
                0x0800151c       0x90 Drivers\STM32F4xx_HAL_Driver\Src\stm32f4xx_hal_i2c.o
 .text.I2C_WaitOnTXEFlagUntilTimeout
                0x080015ac       0x4e Drivers\STM32F4xx_HAL_Driver\Src\stm32f4xx_hal_i2c.o
 *fill*         0x080015fa        0x2 
 .text.I2C_RequestMemoryWrite
                0x080015fc       0xd4 Drivers\STM32F4xx_HAL_Driver\Src\stm32f4xx_hal_i2c.o
 .text.I2C_RequestMemoryRead
                0x080016d0      0x148 Drivers\STM32F4xx_HAL_Driver\Src\stm32f4xx_hal_i2c.o
 .text.I2C_WaitOnBTFFlagUntilTimeout
                0x08001818       0x4e Drivers\STM32F4xx_HAL_Driver\Src\stm32f4xx_hal_i2c.o
 .text.I2C_WaitOnRXNEFlagUntilTimeout
                0x08001866       0x5c Drivers\STM32F4xx_HAL_Driver\Src\stm32f4xx_hal_i2c.o
 *fill*         0x080018c2        0x2 
 .text.HAL_I2C_Init
                0x080018c4      0x11c Drivers\STM32F4xx_HAL_Driver\Src\stm32f4xx_hal_i2c.o
                0x080018c4                HAL_I2C_Init
 .text.HAL_I2C_Mem_Write
                0x080019e0      0x17c Drivers\STM32F4xx_HAL_Driver\Src\stm32f4xx_hal_i2c.o
                0x080019e0                HAL_I2C_Mem_Write
 .text.HAL_I2C_Mem_Read
                0x08001b5c      0x2f4 Drivers\STM32F4xx_HAL_Driver\Src\stm32f4xx_hal_i2c.o
                0x08001b5c                HAL_I2C_Mem_Read
 .text.HAL_I2C_MasterTxCpltCallback
                0x08001e50        0x2 Drivers\STM32F4xx_HAL_Driver\Src\stm32f4xx_hal_i2c.o
                0x08001e50                HAL_I2C_MasterTxCpltCallback
 .text.HAL_I2C_MasterRxCpltCallback
                0x08001e52        0x2 Drivers\STM32F4xx_HAL_Driver\Src\stm32f4xx_hal_i2c.o
                0x08001e52                HAL_I2C_MasterRxCpltCallback
 .text.HAL_I2C_SlaveTxCpltCallback
                0x08001e54        0x2 Drivers\STM32F4xx_HAL_Driver\Src\stm32f4xx_hal_i2c.o
                0x08001e54                HAL_I2C_SlaveTxCpltCallback
 .text.I2C_SlaveTransmit_TXE
                0x08001e56       0x50 Drivers\STM32F4xx_HAL_Driver\Src\stm32f4xx_hal_i2c.o
 .text.HAL_I2C_SlaveRxCpltCallback
                0x08001ea6        0x2 Drivers\STM32F4xx_HAL_Driver\Src\stm32f4xx_hal_i2c.o
                0x08001ea6                HAL_I2C_SlaveRxCpltCallback
 .text.I2C_SlaveReceive_RXNE
                0x08001ea8       0x4c Drivers\STM32F4xx_HAL_Driver\Src\stm32f4xx_hal_i2c.o
 .text.HAL_I2C_AddrCallback
                0x08001ef4        0x2 Drivers\STM32F4xx_HAL_Driver\Src\stm32f4xx_hal_i2c.o
                0x08001ef4                HAL_I2C_AddrCallback
 .text.I2C_Slave_ADDR
                0x08001ef6       0x28 Drivers\STM32F4xx_HAL_Driver\Src\stm32f4xx_hal_i2c.o
 .text.HAL_I2C_ListenCpltCallback
                0x08001f1e        0x2 Drivers\STM32F4xx_HAL_Driver\Src\stm32f4xx_hal_i2c.o
                0x08001f1e                HAL_I2C_ListenCpltCallback
 .text.I2C_Slave_AF
                0x08001f20       0x94 Drivers\STM32F4xx_HAL_Driver\Src\stm32f4xx_hal_i2c.o
 .text.HAL_I2C_MemTxCpltCallback
                0x08001fb4        0x2 Drivers\STM32F4xx_HAL_Driver\Src\stm32f4xx_hal_i2c.o
                0x08001fb4                HAL_I2C_MemTxCpltCallback
 .text.I2C_MasterTransmit_TXE
                0x08001fb6      0x14a Drivers\STM32F4xx_HAL_Driver\Src\stm32f4xx_hal_i2c.o
 .text.I2C_MasterTransmit_BTF
                0x08002100       0x9e Drivers\STM32F4xx_HAL_Driver\Src\stm32f4xx_hal_i2c.o
 .text.HAL_I2C_MemRxCpltCallback
                0x0800219e        0x2 Drivers\STM32F4xx_HAL_Driver\Src\stm32f4xx_hal_i2c.o
                0x0800219e                HAL_I2C_MemRxCpltCallback
 .text.I2C_MasterReceive_RXNE
                0x080021a0       0x9c Drivers\STM32F4xx_HAL_Driver\Src\stm32f4xx_hal_i2c.o
 .text.I2C_MasterReceive_BTF
                0x0800223c      0x10c Drivers\STM32F4xx_HAL_Driver\Src\stm32f4xx_hal_i2c.o
 .text.HAL_I2C_ErrorCallback
                0x08002348        0x2 Drivers\STM32F4xx_HAL_Driver\Src\stm32f4xx_hal_i2c.o
                0x08002348                HAL_I2C_ErrorCallback
 .text.HAL_I2C_AbortCpltCallback
                0x0800234a        0x2 Drivers\STM32F4xx_HAL_Driver\Src\stm32f4xx_hal_i2c.o
                0x0800234a                HAL_I2C_AbortCpltCallback
 .text.I2C_ITError
                0x0800234c      0x14c Drivers\STM32F4xx_HAL_Driver\Src\stm32f4xx_hal_i2c.o
 .text.I2C_Slave_STOPF
                0x08002498      0x104 Drivers\STM32F4xx_HAL_Driver\Src\stm32f4xx_hal_i2c.o
 .text.HAL_I2C_EV_IRQHandler
                0x0800259c      0x168 Drivers\STM32F4xx_HAL_Driver\Src\stm32f4xx_hal_i2c.o
                0x0800259c                HAL_I2C_EV_IRQHandler
 .text.HAL_I2C_ER_IRQHandler
                0x08002704       0xd4 Drivers\STM32F4xx_HAL_Driver\Src\stm32f4xx_hal_i2c.o
                0x08002704                HAL_I2C_ER_IRQHandler
 .text.I2C_DMAAbort
                0x080027d8       0x5e Drivers\STM32F4xx_HAL_Driver\Src\stm32f4xx_hal_i2c.o
 *fill*         0x08002836        0x2 
 .text.HAL_PWREx_EnableOverDrive
                0x08002838       0x80 Drivers\STM32F4xx_HAL_Driver\Src\stm32f4xx_hal_pwr_ex.o
                0x08002838                HAL_PWREx_EnableOverDrive
 .text.HAL_RCC_ClockConfig
                0x080028b8      0x158 Drivers\STM32F4xx_HAL_Driver\Src\stm32f4xx_hal_rcc.o
                0x080028b8                HAL_RCC_ClockConfig
 .text.HAL_RCC_GetHCLKFreq
                0x08002a10        0xc Drivers\STM32F4xx_HAL_Driver\Src\stm32f4xx_hal_rcc.o
                0x08002a10                HAL_RCC_GetHCLKFreq
 .text.HAL_RCC_GetPCLK1Freq
                0x08002a1c       0x20 Drivers\STM32F4xx_HAL_Driver\Src\stm32f4xx_hal_rcc.o
                0x08002a1c                HAL_RCC_GetPCLK1Freq
 .text.HAL_RCC_GetPCLK2Freq
                0x08002a3c       0x20 Drivers\STM32F4xx_HAL_Driver\Src\stm32f4xx_hal_rcc.o
                0x08002a3c                HAL_RCC_GetPCLK2Freq
 .text.HAL_RCC_GetSysClockFreq
                0x08002a5c      0x180 Drivers\STM32F4xx_HAL_Driver\Src\stm32f4xx_hal_rcc_ex.o
                0x08002a5c                HAL_RCC_GetSysClockFreq
 .text.HAL_RCC_OscConfig
                0x08002bdc      0x3c4 Drivers\STM32F4xx_HAL_Driver\Src\stm32f4xx_hal_rcc_ex.o
                0x08002bdc                HAL_RCC_OscConfig
 .text.TIM_OC1_SetConfig
                0x08002fa0       0x64 Drivers\STM32F4xx_HAL_Driver\Src\stm32f4xx_hal_tim.o
 .text.TIM_OC3_SetConfig
                0x08003004       0x6c Drivers\STM32F4xx_HAL_Driver\Src\stm32f4xx_hal_tim.o
 .text.TIM_OC4_SetConfig
                0x08003070       0x5c Drivers\STM32F4xx_HAL_Driver\Src\stm32f4xx_hal_tim.o
 .text.TIM_TI1_ConfigInputStage
                0x080030cc       0x26 Drivers\STM32F4xx_HAL_Driver\Src\stm32f4xx_hal_tim.o
 .text.TIM_TI2_ConfigInputStage
                0x080030f2       0x28 Drivers\STM32F4xx_HAL_Driver\Src\stm32f4xx_hal_tim.o
 .text.TIM_ITRx_SetConfig
                0x0800311a       0x10 Drivers\STM32F4xx_HAL_Driver\Src\stm32f4xx_hal_tim.o
 .text.TIM_ETR_SetConfig
                0x0800312a       0x18 Drivers\STM32F4xx_HAL_Driver\Src\stm32f4xx_hal_tim.o
 .text.HAL_TIM_Base_Start
                0x08003142       0x1a Drivers\STM32F4xx_HAL_Driver\Src\stm32f4xx_hal_tim.o
                0x08003142                HAL_TIM_Base_Start
 .text.HAL_TIM_ConfigClockSource
                0x0800315c      0x108 Drivers\STM32F4xx_HAL_Driver\Src\stm32f4xx_hal_tim.o
                0x0800315c                HAL_TIM_ConfigClockSource
 .text.TIM_Base_SetConfig
                0x08003264      0x11c Drivers\STM32F4xx_HAL_Driver\Src\stm32f4xx_hal_tim.o
                0x08003264                TIM_Base_SetConfig
 .text.HAL_TIM_Base_Init
                0x08003380       0x32 Drivers\STM32F4xx_HAL_Driver\Src\stm32f4xx_hal_tim.o
                0x08003380                HAL_TIM_Base_Init
 .text.HAL_TIM_OC_Init
                0x080033b2       0x32 Drivers\STM32F4xx_HAL_Driver\Src\stm32f4xx_hal_tim.o
                0x080033b2                HAL_TIM_OC_Init
 .text.TIM_OC2_SetConfig
                0x080033e4       0x70 Drivers\STM32F4xx_HAL_Driver\Src\stm32f4xx_hal_tim.o
                0x080033e4                TIM_OC2_SetConfig
 .text.HAL_TIM_OC_ConfigChannel
                0x08003454       0x5e Drivers\STM32F4xx_HAL_Driver\Src\stm32f4xx_hal_tim.o
                0x08003454                HAL_TIM_OC_ConfigChannel
 .text.HAL_TIMEx_MasterConfigSynchronization
                0x080034b2       0x52 Drivers\STM32F4xx_HAL_Driver\Src\stm32f4xx_hal_tim_ex.o
                0x080034b2                HAL_TIMEx_MasterConfigSynchronization
 .text.HAL_TIMEx_ConfigBreakDeadTime
                0x08003504       0x58 Drivers\STM32F4xx_HAL_Driver\Src\stm32f4xx_hal_tim_ex.o
                0x08003504                HAL_TIMEx_ConfigBreakDeadTime
 .text.UART_SetConfig
                0x0800355c      0x344 Drivers\STM32F4xx_HAL_Driver\Src\stm32f4xx_hal_uart.o
 .text.HAL_UART_Init
                0x080038a0       0x5e Drivers\STM32F4xx_HAL_Driver\Src\stm32f4xx_hal_uart.o
                0x080038a0                HAL_UART_Init
 *fill*         0x080038fe        0x2 
 .text.MX_ADC1_Init
                0x08003900       0x6c Src\adc.o
                0x08003900                MX_ADC1_Init
 .text.HAL_ADC_MspInit
                0x0800396c       0x58 Src\adc.o
                0x0800396c                HAL_ADC_MspInit
 .text.HAL_ADC_ConvCpltCallback
                0x080039c4        0x8 Src\adc.o
                0x080039c4                HAL_ADC_ConvCpltCallback
 .text.MX_DMA_Init
                0x080039cc       0x34 Src\dma.o
                0x080039cc                MX_DMA_Init
 .text.getI2CAddress
                0x08003a00        0xc Src\fram.o
 .text.fram_read_private
                0x08003a0c       0x4c Src\fram.o
 .text.fram_write_private
                0x08003a58       0x4c Src\fram.o
 .text.fram_init
                0x08003aa4       0x78 Src\fram.o
                0x08003aa4                fram_init
 .text.MX_GPIO_Init
                0x08003b1c       0xb0 Src\gpio.o
                0x08003b1c                MX_GPIO_Init
 .text.HAL_GPIO_EXTI_Callback
                0x08003bcc       0x28 Src\gpio.o
                0x08003bcc                HAL_GPIO_EXTI_Callback
 .text.MX_I2C1_Init
                0x08003bf4       0x44 Src\i2c.o
                0x08003bf4                MX_I2C1_Init
 .text.HAL_I2C_MspInit
                0x08003c38       0xbc Src\i2c.o
                0x08003c38                HAL_I2C_MspInit
 .text._Error_Handler
                0x08003cf4        0x2 Src\main.o
                0x08003cf4                _Error_Handler
 *fill*         0x08003cf6        0x2 
 .text.SystemClock_Config
                0x08003cf8       0xd4 Src\main.o
                0x08003cf8                SystemClock_Config
 .text.main     0x08003dcc       0x5c Src\main.o
                0x08003dcc                main
 .text.HAL_MspInit
                0x08003e28       0x5e Src\stm32f4xx_hal_msp.o
                0x08003e28                HAL_MspInit
 .text.SysTick_Handler
                0x08003e86        0xc Src\stm32f4xx_it.o
                0x08003e86                SysTick_Handler
 *fill*         0x08003e92        0x2 
 .text.DMA1_Stream6_IRQHandler
                0x08003e94       0x10 Src\stm32f4xx_it.o
                0x08003e94                DMA1_Stream6_IRQHandler
 .text.ADC_IRQHandler
                0x08003ea4       0x10 Src\stm32f4xx_it.o
                0x08003ea4                ADC_IRQHandler
 .text.I2C1_EV_IRQHandler
                0x08003eb4       0x10 Src\stm32f4xx_it.o
                0x08003eb4                I2C1_EV_IRQHandler
 .text.I2C1_ER_IRQHandler
                0x08003ec4       0x10 Src\stm32f4xx_it.o
                0x08003ec4                I2C1_ER_IRQHandler
 .text.EXTI15_10_IRQHandler
                0x08003ed4        0xc Src\stm32f4xx_it.o
                0x08003ed4                EXTI15_10_IRQHandler
 .text.SystemInit
                0x08003ee0       0x4c Src\system_stm32f4xx.o
                0x08003ee0                SystemInit
 .text.MX_TIM2_Init
                0x08003f2c       0x70 Src\tim.o
                0x08003f2c                MX_TIM2_Init
 .text.HAL_TIM_OC_MspInit
                0x08003f9c       0x30 Src\tim.o
                0x08003f9c                HAL_TIM_OC_MspInit
 .text.HAL_TIM_Base_MspInit
                0x08003fcc       0x2c Src\tim.o
                0x08003fcc                HAL_TIM_Base_MspInit
 .text.HAL_TIM_MspPostInit
                0x08003ff8       0x50 Src\tim.o
                0x08003ff8                HAL_TIM_MspPostInit
 .text.MX_TIM1_Init
                0x08004048       0xd4 Src\tim.o
                0x08004048                MX_TIM1_Init
 .text.MX_USART2_UART_Init
                0x0800411c       0x3c Src\usart.o
                0x0800411c                MX_USART2_UART_Init
 .text.HAL_UART_MspInit
                0x08004158       0x54 Src\usart.o
                0x08004158                HAL_UART_MspInit
 .text.Reset_Handler
                0x080041ac       0x50 startup\startup_stm32f446xx.o
                0x080041ac                Reset_Handler
 .text.Default_Handler
                0x080041fc        0x2 startup\startup_stm32f446xx.o
                0x080041fc                RTC_Alarm_IRQHandler
                0x080041fc                EXTI2_IRQHandler
                0x080041fc                TIM8_CC_IRQHandler
                0x080041fc                DebugMon_Handler
                0x080041fc                SPI4_IRQHandler
                0x080041fc                TIM1_CC_IRQHandler
                0x080041fc                DMA2_Stream5_IRQHandler
                0x080041fc                HardFault_Handler
                0x080041fc                DMA1_Stream5_IRQHandler
                0x080041fc                PVD_IRQHandler
                0x080041fc                SDIO_IRQHandler
                0x080041fc                TAMP_STAMP_IRQHandler
                0x080041fc                PendSV_Handler
                0x080041fc                NMI_Handler
                0x080041fc                CAN2_RX1_IRQHandler
                0x080041fc                EXTI3_IRQHandler
                0x080041fc                TIM8_TRG_COM_TIM14_IRQHandler
                0x080041fc                TIM1_UP_TIM10_IRQHandler
                0x080041fc                TIM8_UP_TIM13_IRQHandler
                0x080041fc                I2C3_ER_IRQHandler
                0x080041fc                FMPI2C1_Event_IRQHandler
                0x080041fc                EXTI0_IRQHandler
                0x080041fc                I2C2_EV_IRQHandler
                0x080041fc                DMA1_Stream2_IRQHandler
                0x080041fc                CAN1_RX0_IRQHandler
                0x080041fc                FPU_IRQHandler
                0x080041fc                OTG_HS_WKUP_IRQHandler
                0x080041fc                UsageFault_Handler
                0x080041fc                CAN2_SCE_IRQHandler
                0x080041fc                DMA2_Stream2_IRQHandler
                0x080041fc                SPI1_IRQHandler
                0x080041fc                TIM6_DAC_IRQHandler
                0x080041fc                TIM1_BRK_TIM9_IRQHandler
                0x080041fc                DCMI_IRQHandler
                0x080041fc                CAN2_RX0_IRQHandler
                0x080041fc                DMA2_Stream3_IRQHandler
                0x080041fc                SAI2_IRQHandler
                0x080041fc                USART6_IRQHandler
                0x080041fc                USART3_IRQHandler
                0x080041fc                CAN1_RX1_IRQHandler
                0x080041fc                UART5_IRQHandler
                0x080041fc                DMA2_Stream0_IRQHandler
                0x080041fc                TIM4_IRQHandler
                0x080041fc                QUADSPI_IRQHandler
                0x080041fc                DMA1_Stream1_IRQHandler
                0x080041fc                UART4_IRQHandler
                0x080041fc                TIM3_IRQHandler
                0x080041fc                RCC_IRQHandler
                0x080041fc                TIM8_BRK_TIM12_IRQHandler
                0x080041fc                Default_Handler
                0x080041fc                CEC_IRQHandler
                0x080041fc                DMA1_Stream7_IRQHandler
                0x080041fc                TIM7_IRQHandler
                0x080041fc                CAN2_TX_IRQHandler
                0x080041fc                TIM5_IRQHandler
                0x080041fc                DMA2_Stream7_IRQHandler
                0x080041fc                I2C3_EV_IRQHandler
                0x080041fc                EXTI9_5_IRQHandler
                0x080041fc                RTC_WKUP_IRQHandler
                0x080041fc                SPDIF_RX_IRQHandler
                0x080041fc                SPI2_IRQHandler
                0x080041fc                OTG_HS_EP1_IN_IRQHandler
                0x080041fc                MemManage_Handler
                0x080041fc                DMA1_Stream0_IRQHandler
                0x080041fc                CAN1_TX_IRQHandler
                0x080041fc                SVC_Handler
                0x080041fc                EXTI4_IRQHandler
                0x080041fc                OTG_HS_EP1_OUT_IRQHandler
                0x080041fc                WWDG_IRQHandler
                0x080041fc                TIM2_IRQHandler
                0x080041fc                OTG_FS_WKUP_IRQHandler
                0x080041fc                TIM1_TRG_COM_TIM11_IRQHandler
                0x080041fc                OTG_HS_IRQHandler
                0x080041fc                EXTI1_IRQHandler
                0x080041fc                USART2_IRQHandler
                0x080041fc                I2C2_ER_IRQHandler
                0x080041fc                DMA2_Stream1_IRQHandler
                0x080041fc                CAN1_SCE_IRQHandler
                0x080041fc                FLASH_IRQHandler
                0x080041fc                DMA2_Stream4_IRQHandler
                0x080041fc                BusFault_Handler
                0x080041fc                USART1_IRQHandler
                0x080041fc                OTG_FS_IRQHandler
                0x080041fc                SPI3_IRQHandler
                0x080041fc                DMA1_Stream4_IRQHandler
                0x080041fc                FMC_IRQHandler
                0x080041fc                DMA2_Stream6_IRQHandler
                0x080041fc                SAI1_IRQHandler
                0x080041fc                DMA1_Stream3_IRQHandler
                0x080041fc                FMPI2C1_Error_IRQHandler
 *fill*         0x080041fe        0x2 
 .text.__libc_init_array
                0x08004200       0x48 c:/program files (x86)/atollic/truestudio for stm32 9.0.0/armtools/bin/../lib/gcc/arm-atollic-eabi/6.3.1/../../../../arm-atollic-eabi/lib/armv7e-m/fpu\libc_nano.a(lib_a-init.o)
                0x08004200                __libc_init_array
 *(.glue_7)
 .glue_7        0x08004248        0x0 linker stubs
 *(.glue_7t)
 .glue_7t       0x08004248        0x0 linker stubs
 *(.eh_frame)
 .eh_frame      0x08004248        0x0 c:/program files (x86)/atollic/truestudio for stm32 9.0.0/armtools/bin/../lib/gcc/arm-atollic-eabi/6.3.1/armv7e-m/fpu/crtbegin.o
 *(.init)
 .init          0x08004248        0x4 c:/program files (x86)/atollic/truestudio for stm32 9.0.0/armtools/bin/../lib/gcc/arm-atollic-eabi/6.3.1/armv7e-m/fpu/crti.o
                0x08004248                _init
 .init          0x0800424c        0x8 c:/program files (x86)/atollic/truestudio for stm32 9.0.0/armtools/bin/../lib/gcc/arm-atollic-eabi/6.3.1/armv7e-m/fpu/crtn.o
 *(.fini)
 .fini          0x08004254        0x4 c:/program files (x86)/atollic/truestudio for stm32 9.0.0/armtools/bin/../lib/gcc/arm-atollic-eabi/6.3.1/armv7e-m/fpu/crti.o
                0x08004254                _fini
 .fini          0x08004258        0x8 c:/program files (x86)/atollic/truestudio for stm32 9.0.0/armtools/bin/../lib/gcc/arm-atollic-eabi/6.3.1/armv7e-m/fpu/crtn.o
                0x08004260                . = ALIGN (0x4)
                0x08004260                _etext = .

.vfp11_veneer   0x08004260        0x0
 .vfp11_veneer  0x08004260        0x0 linker stubs

.v4_bx          0x08004260        0x0
 .v4_bx         0x08004260        0x0 linker stubs

.iplt           0x08004260        0x0
 .iplt          0x08004260        0x0 c:/program files (x86)/atollic/truestudio for stm32 9.0.0/armtools/bin/../lib/gcc/arm-atollic-eabi/6.3.1/armv7e-m/fpu/crtbegin.o

.rodata         0x08004260       0x70
                0x08004260                . = ALIGN (0x4)
 *(.rodata)
 *(.rodata*)
 .rodata.flagBitshiftOffset.9269
                0x08004260        0x8 Drivers\STM32F4xx_HAL_Driver\Src\stm32f4xx_hal_dma.o
 .rodata.MX_ADC1_Init.str1.4
                0x08004268        0xd Src\adc.o
 *fill*         0x08004275        0x3 
 .rodata.MX_I2C1_Init.str1.4
                0x08004278        0xd Src\i2c.o
 *fill*         0x08004285        0x3 
 .rodata.SystemClock_Config.str1.4
                0x08004288        0xe Src\main.o
 *fill*         0x08004296        0x2 
 .rodata.AHBPrescTable
                0x08004298       0x10 Src\system_stm32f4xx.o
                0x08004298                AHBPrescTable
 .rodata.APBPrescTable
                0x080042a8        0x8 Src\system_stm32f4xx.o
                0x080042a8                APBPrescTable
 .rodata.MX_TIM2_Init.str1.4
                0x080042b0        0xd Src\tim.o
 *fill*         0x080042bd        0x3 
 .rodata.MX_USART2_UART_Init.str1.4
                0x080042c0       0x10 Src\usart.o
                                  0xf (size before relaxing)
                0x080042d0                . = ALIGN (0x4)

.ARM.extab
 *(.ARM.extab* .gnu.linkonce.armextab.*)

.ARM            0x080042d0        0x8
                0x080042d0                __exidx_start = .
 *(.ARM.exidx*)
 .ARM.exidx     0x080042d0        0x8 c:/program files (x86)/atollic/truestudio for stm32 9.0.0/armtools/bin/../lib/gcc/arm-atollic-eabi/6.3.1/armv7e-m/fpu\libgcc.a(_udivmoddi4.o)
                0x080042d8                __exidx_end = .

.rel.dyn        0x080042d8        0x0
 .rel.iplt      0x080042d8        0x0 c:/program files (x86)/atollic/truestudio for stm32 9.0.0/armtools/bin/../lib/gcc/arm-atollic-eabi/6.3.1/armv7e-m/fpu/crtbegin.o

.preinit_array  0x080042d8        0x0
                0x080042d8                PROVIDE (__preinit_array_start, .)
 *(.preinit_array*)
                0x080042d8                PROVIDE (__preinit_array_end, .)

.init_array     0x080042d8        0x4
                0x080042d8                PROVIDE (__init_array_start, .)
 *(SORT(.init_array.*))
 *(.init_array*)
 .init_array    0x080042d8        0x4 c:/program files (x86)/atollic/truestudio for stm32 9.0.0/armtools/bin/../lib/gcc/arm-atollic-eabi/6.3.1/armv7e-m/fpu/crtbegin.o
                0x080042dc                PROVIDE (__init_array_end, .)

.fini_array     0x080042dc        0x4
                [!provide]                PROVIDE (__fini_array_start, .)
 *(SORT(.fini_array.*))
 *(.fini_array*)
 .fini_array    0x080042dc        0x4 c:/program files (x86)/atollic/truestudio for stm32 9.0.0/armtools/bin/../lib/gcc/arm-atollic-eabi/6.3.1/armv7e-m/fpu/crtbegin.o
                [!provide]                PROVIDE (__fini_array_end, .)
                0x080042e0                _sidata = LOADADDR (.data)

.data           0x20000000       0x10 load address 0x080042e0
                0x20000000                . = ALIGN (0x4)
                0x20000000                _sdata = .
 *(.data)
 *(.data*)
 .data.uwTickFreq
                0x20000000        0x1 Drivers\STM32F4xx_HAL_Driver\Src\stm32f4xx_hal.o
                0x20000000                uwTickFreq
 *fill*         0x20000001        0x3 
 .data.uwTickPrio
                0x20000004        0x4 Drivers\STM32F4xx_HAL_Driver\Src\stm32f4xx_hal.o
                0x20000004                uwTickPrio
 .data.blinkDelay
                0x20000008        0x2 Src\main.o
                0x20000008                blinkDelay
 *fill*         0x2000000a        0x2 
 .data.SystemCoreClock
                0x2000000c        0x4 Src\system_stm32f4xx.o
                0x2000000c                SystemCoreClock
                0x20000010                . = ALIGN (0x4)
                0x20000010                _edata = .

.igot.plt       0x20000010        0x0 load address 0x080042f0
 .igot.plt      0x20000010        0x0 c:/program files (x86)/atollic/truestudio for stm32 9.0.0/armtools/bin/../lib/gcc/arm-atollic-eabi/6.3.1/armv7e-m/fpu/crtbegin.o
                0x20000010                . = ALIGN (0x4)

.bss            0x20000010      0x1f4 load address 0x080042f0
                0x20000010                _sbss = .
                0x20000010                __bss_start__ = _sbss
 *(.bss)
 .bss           0x20000010       0x1c c:/program files (x86)/atollic/truestudio for stm32 9.0.0/armtools/bin/../lib/gcc/arm-atollic-eabi/6.3.1/armv7e-m/fpu/crtbegin.o
 *(.bss*)
 .bss.info      0x2000002c       0x18 Src\fram.o
 .bss.memError  0x20000044        0x1 Src\fram.o
 *fill*         0x20000045        0x3 
 .bss.status    0x20000048        0x4 Src\fram.o
 *(COMMON)
 COMMON         0x2000004c        0x4 Drivers\STM32F4xx_HAL_Driver\Src\stm32f4xx_hal.o
                0x2000004c                uwTick
 COMMON         0x20000050       0x48 Src\adc.o
                0x20000050                hadc1
 COMMON         0x20000098       0xb4 Src\i2c.o
                0x20000098                hdma_i2c1_tx
                0x200000f8                hi2c1
 COMMON         0x2000014c       0x78 Src\tim.o
                0x2000014c                htim1
                0x20000188                htim2
 COMMON         0x200001c4       0x40 Src\usart.o
                0x200001c4                huart2
                0x20000204                . = ALIGN (0x4)
                0x20000204                _ebss = .
                0x20000204                __bss_end__ = _ebss

._user_heap_stack
                0x20000204      0x600 load address 0x080042f0
                0x20000204                . = ALIGN (0x4)
                [!provide]                PROVIDE (end, .)
                [!provide]                PROVIDE (_end, .)
                0x20000404                . = (. + _Min_Heap_Size)
 *fill*         0x20000204      0x200 
                0x20000804                . = (. + _Min_Stack_Size)
 *fill*         0x20000404      0x400 
                0x20000804                . = ALIGN (0x4)

/DISCARD/
 libc.a(*)
 libm.a(*)
 libgcc.a(*)

.ARM.attributes
                0x00000000       0x30
 *(.ARM.attributes)
 .ARM.attributes
                0x00000000       0x22 c:/program files (x86)/atollic/truestudio for stm32 9.0.0/armtools/bin/../lib/gcc/arm-atollic-eabi/6.3.1/armv7e-m/fpu/crti.o
 .ARM.attributes
                0x00000022       0x34 c:/program files (x86)/atollic/truestudio for stm32 9.0.0/armtools/bin/../lib/gcc/arm-atollic-eabi/6.3.1/armv7e-m/fpu/crtbegin.o
 .ARM.attributes
                0x00000056       0x39 Drivers\STM32F4xx_HAL_Driver\Src\stm32f4xx_hal.o
 .ARM.attributes
                0x0000008f       0x39 Drivers\STM32F4xx_HAL_Driver\Src\stm32f4xx_hal_adc.o
 .ARM.attributes
                0x000000c8       0x39 Drivers\STM32F4xx_HAL_Driver\Src\stm32f4xx_hal_adc_ex.o
 .ARM.attributes
                0x00000101       0x39 Drivers\STM32F4xx_HAL_Driver\Src\stm32f4xx_hal_cortex.o
 .ARM.attributes
                0x0000013a       0x39 Drivers\STM32F4xx_HAL_Driver\Src\stm32f4xx_hal_dma.o
 .ARM.attributes
                0x00000173       0x39 Drivers\STM32F4xx_HAL_Driver\Src\stm32f4xx_hal_gpio.o
 .ARM.attributes
                0x000001ac       0x39 Drivers\STM32F4xx_HAL_Driver\Src\stm32f4xx_hal_i2c.o
 .ARM.attributes
                0x000001e5       0x39 Drivers\STM32F4xx_HAL_Driver\Src\stm32f4xx_hal_pwr_ex.o
 .ARM.attributes
                0x0000021e       0x39 Drivers\STM32F4xx_HAL_Driver\Src\stm32f4xx_hal_rcc.o
 .ARM.attributes
                0x00000257       0x39 Drivers\STM32F4xx_HAL_Driver\Src\stm32f4xx_hal_rcc_ex.o
 .ARM.attributes
                0x00000290       0x39 Drivers\STM32F4xx_HAL_Driver\Src\stm32f4xx_hal_tim.o
 .ARM.attributes
                0x000002c9       0x39 Drivers\STM32F4xx_HAL_Driver\Src\stm32f4xx_hal_tim_ex.o
 .ARM.attributes
                0x00000302       0x39 Drivers\STM32F4xx_HAL_Driver\Src\stm32f4xx_hal_uart.o
 .ARM.attributes
                0x0000033b       0x39 Src\adc.o
 .ARM.attributes
                0x00000374       0x39 Src\dma.o
 .ARM.attributes
                0x000003ad       0x39 Src\fram.o
 .ARM.attributes
                0x000003e6       0x39 Src\gpio.o
 .ARM.attributes
                0x0000041f       0x39 Src\i2c.o
 .ARM.attributes
                0x00000458       0x39 Src\main.o
 .ARM.attributes
                0x00000491       0x39 Src\stm32f4xx_hal_msp.o
 .ARM.attributes
                0x000004ca       0x39 Src\stm32f4xx_it.o
 .ARM.attributes
                0x00000503       0x39 Src\system_stm32f4xx.o
 .ARM.attributes
                0x0000053c       0x39 Src\tim.o
 .ARM.attributes
                0x00000575       0x39 Src\usart.o
 .ARM.attributes
                0x000005ae       0x21 startup\startup_stm32f446xx.o
 .ARM.attributes
                0x000005cf       0x34 c:/program files (x86)/atollic/truestudio for stm32 9.0.0/armtools/bin/../lib/gcc/arm-atollic-eabi/6.3.1/../../../../arm-atollic-eabi/lib/armv7e-m/fpu\libc_nano.a(lib_a-init.o)
 .ARM.attributes
                0x00000603       0x22 c:/program files (x86)/atollic/truestudio for stm32 9.0.0/armtools/bin/../lib/gcc/arm-atollic-eabi/6.3.1/armv7e-m/fpu\libgcc.a(_aeabi_uldivmod.o)
 .ARM.attributes
                0x00000625       0x34 c:/program files (x86)/atollic/truestudio for stm32 9.0.0/armtools/bin/../lib/gcc/arm-atollic-eabi/6.3.1/armv7e-m/fpu\libgcc.a(_udivmoddi4.o)
 .ARM.attributes
                0x00000659       0x22 c:/program files (x86)/atollic/truestudio for stm32 9.0.0/armtools/bin/../lib/gcc/arm-atollic-eabi/6.3.1/armv7e-m/fpu\libgcc.a(_dvmd_tls.o)
 .ARM.attributes
                0x0000067b       0x22 c:/program files (x86)/atollic/truestudio for stm32 9.0.0/armtools/bin/../lib/gcc/arm-atollic-eabi/6.3.1/armv7e-m/fpu/crtn.o
OUTPUT(Fachvertiefung Mechatronik.elf elf32-littlearm)

.debug_info     0x00000000    0x22212
 .debug_info    0x00000000     0x1240 Drivers\STM32F4xx_HAL_Driver\Src\stm32f4xx_hal.o
 .debug_info    0x00001240     0x15d6 Drivers\STM32F4xx_HAL_Driver\Src\stm32f4xx_hal_adc.o
 .debug_info    0x00002816     0x13f2 Drivers\STM32F4xx_HAL_Driver\Src\stm32f4xx_hal_adc_ex.o
 .debug_info    0x00003c08     0x178a Drivers\STM32F4xx_HAL_Driver\Src\stm32f4xx_hal_cortex.o
 .debug_info    0x00005392     0x128e Drivers\STM32F4xx_HAL_Driver\Src\stm32f4xx_hal_dma.o
 .debug_info    0x00006620      0xfe1 Drivers\STM32F4xx_HAL_Driver\Src\stm32f4xx_hal_gpio.o
 .debug_info    0x00007601     0x36e6 Drivers\STM32F4xx_HAL_Driver\Src\stm32f4xx_hal_i2c.o
 .debug_info    0x0000ace7     0x1041 Drivers\STM32F4xx_HAL_Driver\Src\stm32f4xx_hal_pwr_ex.o
 .debug_info    0x0000bd28     0x129b Drivers\STM32F4xx_HAL_Driver\Src\stm32f4xx_hal_rcc.o
 .debug_info    0x0000cfc3     0x1426 Drivers\STM32F4xx_HAL_Driver\Src\stm32f4xx_hal_rcc_ex.o
 .debug_info    0x0000e3e9     0x3680 Drivers\STM32F4xx_HAL_Driver\Src\stm32f4xx_hal_tim.o
 .debug_info    0x00011a69     0x1b22 Drivers\STM32F4xx_HAL_Driver\Src\stm32f4xx_hal_tim_ex.o
 .debug_info    0x0001358b     0x1f14 Drivers\STM32F4xx_HAL_Driver\Src\stm32f4xx_hal_uart.o
 .debug_info    0x0001549f     0x158f Src\adc.o
 .debug_info    0x00016a2e      0xdf0 Src\dma.o
 .debug_info    0x0001781e     0x11ce Src\fram.o
 .debug_info    0x000189ec      0xfef Src\gpio.o
 .debug_info    0x000199db     0x15b4 Src\i2c.o
 .debug_info    0x0001af8f     0x1e04 Src\main.o
 .debug_info    0x0001cd93      0xca5 Src\stm32f4xx_hal_msp.o
 .debug_info    0x0001da38     0x1186 Src\stm32f4xx_it.o
 .debug_info    0x0001ebbe      0xd76 Src\system_stm32f4xx.o
 .debug_info    0x0001f934     0x1687 Src\tim.o
 .debug_info    0x00020fbb     0x11bf Src\usart.o
 .debug_info    0x0002217a       0x98 startup\startup_stm32f446xx.o

.debug_abbrev   0x00000000     0x3b55
 .debug_abbrev  0x00000000      0x2a8 Drivers\STM32F4xx_HAL_Driver\Src\stm32f4xx_hal.o
 .debug_abbrev  0x000002a8      0x29f Drivers\STM32F4xx_HAL_Driver\Src\stm32f4xx_hal_adc.o
 .debug_abbrev  0x00000547      0x2db Drivers\STM32F4xx_HAL_Driver\Src\stm32f4xx_hal_adc_ex.o
 .debug_abbrev  0x00000822      0x3a8 Drivers\STM32F4xx_HAL_Driver\Src\stm32f4xx_hal_cortex.o
 .debug_abbrev  0x00000bca      0x2ed Drivers\STM32F4xx_HAL_Driver\Src\stm32f4xx_hal_dma.o
 .debug_abbrev  0x00000eb7      0x26a Drivers\STM32F4xx_HAL_Driver\Src\stm32f4xx_hal_gpio.o
 .debug_abbrev  0x00001121      0x2be Drivers\STM32F4xx_HAL_Driver\Src\stm32f4xx_hal_i2c.o
 .debug_abbrev  0x000013df      0x288 Drivers\STM32F4xx_HAL_Driver\Src\stm32f4xx_hal_pwr_ex.o
 .debug_abbrev  0x00001667      0x2f6 Drivers\STM32F4xx_HAL_Driver\Src\stm32f4xx_hal_rcc.o
 .debug_abbrev  0x0000195d      0x2ac Drivers\STM32F4xx_HAL_Driver\Src\stm32f4xx_hal_rcc_ex.o
 .debug_abbrev  0x00001c09      0x2a1 Drivers\STM32F4xx_HAL_Driver\Src\stm32f4xx_hal_tim.o
 .debug_abbrev  0x00001eaa      0x2a1 Drivers\STM32F4xx_HAL_Driver\Src\stm32f4xx_hal_tim_ex.o
 .debug_abbrev  0x0000214b      0x307 Drivers\STM32F4xx_HAL_Driver\Src\stm32f4xx_hal_uart.o
 .debug_abbrev  0x00002452      0x231 Src\adc.o
 .debug_abbrev  0x00002683      0x1f7 Src\dma.o
 .debug_abbrev  0x0000287a      0x249 Src\fram.o
 .debug_abbrev  0x00002ac3      0x217 Src\gpio.o
 .debug_abbrev  0x00002cda      0x240 Src\i2c.o
 .debug_abbrev  0x00002f1a      0x25a Src\main.o
 .debug_abbrev  0x00003174      0x1d0 Src\stm32f4xx_hal_msp.o
 .debug_abbrev  0x00003344      0x1e3 Src\stm32f4xx_it.o
 .debug_abbrev  0x00003527      0x1ca Src\system_stm32f4xx.o
 .debug_abbrev  0x000036f1      0x237 Src\tim.o
 .debug_abbrev  0x00003928      0x21b Src\usart.o
 .debug_abbrev  0x00003b43       0x12 startup\startup_stm32f446xx.o

.debug_loc      0x00000000     0xc892
 .debug_loc     0x00000000      0x108 Drivers\STM32F4xx_HAL_Driver\Src\stm32f4xx_hal.o
 .debug_loc     0x00000108      0x95e Drivers\STM32F4xx_HAL_Driver\Src\stm32f4xx_hal_adc.o
 .debug_loc     0x00000a66      0x940 Drivers\STM32F4xx_HAL_Driver\Src\stm32f4xx_hal_adc_ex.o
 .debug_loc     0x000013a6      0x5ce Drivers\STM32F4xx_HAL_Driver\Src\stm32f4xx_hal_cortex.o
 .debug_loc     0x00001974      0xae1 Drivers\STM32F4xx_HAL_Driver\Src\stm32f4xx_hal_dma.o
 .debug_loc     0x00002455      0x414 Drivers\STM32F4xx_HAL_Driver\Src\stm32f4xx_hal_gpio.o
 .debug_loc     0x00002869     0x3198 Drivers\STM32F4xx_HAL_Driver\Src\stm32f4xx_hal_i2c.o
 .debug_loc     0x00005a01      0x13f Drivers\STM32F4xx_HAL_Driver\Src\stm32f4xx_hal_pwr_ex.o
 .debug_loc     0x00005b40      0x3e6 Drivers\STM32F4xx_HAL_Driver\Src\stm32f4xx_hal_rcc.o
 .debug_loc     0x00005f26      0xb83 Drivers\STM32F4xx_HAL_Driver\Src\stm32f4xx_hal_rcc_ex.o
 .debug_loc     0x00006aa9     0x34bc Drivers\STM32F4xx_HAL_Driver\Src\stm32f4xx_hal_tim.o
 .debug_loc     0x00009f65      0xe78 Drivers\STM32F4xx_HAL_Driver\Src\stm32f4xx_hal_tim_ex.o
 .debug_loc     0x0000addd     0x1532 Drivers\STM32F4xx_HAL_Driver\Src\stm32f4xx_hal_uart.o
 .debug_loc     0x0000c30f       0x7c Src\adc.o
 .debug_loc     0x0000c38b      0x303 Src\fram.o
 .debug_loc     0x0000c68e       0x4a Src\i2c.o
 .debug_loc     0x0000c6d8      0x13e Src\system_stm32f4xx.o
 .debug_loc     0x0000c816       0x21 Src\tim.o
 .debug_loc     0x0000c837       0x5b Src\usart.o

.debug_aranges  0x00000000     0x10a0
 .debug_aranges
                0x00000000       0xe0 Drivers\STM32F4xx_HAL_Driver\Src\stm32f4xx_hal.o
 .debug_aranges
                0x000000e0       0xe8 Drivers\STM32F4xx_HAL_Driver\Src\stm32f4xx_hal_adc.o
 .debug_aranges
                0x000001c8       0x90 Drivers\STM32F4xx_HAL_Driver\Src\stm32f4xx_hal_adc_ex.o
 .debug_aranges
                0x00000258       0xa8 Drivers\STM32F4xx_HAL_Driver\Src\stm32f4xx_hal_cortex.o
 .debug_aranges
                0x00000300       0x90 Drivers\STM32F4xx_HAL_Driver\Src\stm32f4xx_hal_dma.o
 .debug_aranges
                0x00000390       0x58 Drivers\STM32F4xx_HAL_Driver\Src\stm32f4xx_hal_gpio.o
 .debug_aranges
                0x000003e8      0x268 Drivers\STM32F4xx_HAL_Driver\Src\stm32f4xx_hal_i2c.o
 .debug_aranges
                0x00000650       0x60 Drivers\STM32F4xx_HAL_Driver\Src\stm32f4xx_hal_pwr_ex.o
 .debug_aranges
                0x000006b0       0x88 Drivers\STM32F4xx_HAL_Driver\Src\stm32f4xx_hal_rcc.o
 .debug_aranges
                0x00000738       0x78 Drivers\STM32F4xx_HAL_Driver\Src\stm32f4xx_hal_rcc_ex.o
 .debug_aranges
                0x000007b0      0x368 Drivers\STM32F4xx_HAL_Driver\Src\stm32f4xx_hal_tim.o
 .debug_aranges
                0x00000b18      0x140 Drivers\STM32F4xx_HAL_Driver\Src\stm32f4xx_hal_tim_ex.o
 .debug_aranges
                0x00000c58      0x1d0 Drivers\STM32F4xx_HAL_Driver\Src\stm32f4xx_hal_uart.o
 .debug_aranges
                0x00000e28       0x38 Src\adc.o
 .debug_aranges
                0x00000e60       0x20 Src\dma.o
 .debug_aranges
                0x00000e80       0x60 Src\fram.o
 .debug_aranges
                0x00000ee0       0x28 Src\gpio.o
 .debug_aranges
                0x00000f08       0x30 Src\i2c.o
 .debug_aranges
                0x00000f38       0x30 Src\main.o
 .debug_aranges
                0x00000f68       0x20 Src\stm32f4xx_hal_msp.o
 .debug_aranges
                0x00000f88       0x48 Src\stm32f4xx_it.o
 .debug_aranges
                0x00000fd0       0x28 Src\system_stm32f4xx.o
 .debug_aranges
                0x00000ff8       0x50 Src\tim.o
 .debug_aranges
                0x00001048       0x30 Src\usart.o
 .debug_aranges
                0x00001078       0x28 startup\startup_stm32f446xx.o

.debug_ranges   0x00000000      0xfa8
 .debug_ranges  0x00000000       0xd0 Drivers\STM32F4xx_HAL_Driver\Src\stm32f4xx_hal.o
 .debug_ranges  0x000000d0       0xd8 Drivers\STM32F4xx_HAL_Driver\Src\stm32f4xx_hal_adc.o
 .debug_ranges  0x000001a8       0x80 Drivers\STM32F4xx_HAL_Driver\Src\stm32f4xx_hal_adc_ex.o
 .debug_ranges  0x00000228       0xf8 Drivers\STM32F4xx_HAL_Driver\Src\stm32f4xx_hal_cortex.o
 .debug_ranges  0x00000320       0x80 Drivers\STM32F4xx_HAL_Driver\Src\stm32f4xx_hal_dma.o
 .debug_ranges  0x000003a0       0x48 Drivers\STM32F4xx_HAL_Driver\Src\stm32f4xx_hal_gpio.o
 .debug_ranges  0x000003e8      0x258 Drivers\STM32F4xx_HAL_Driver\Src\stm32f4xx_hal_i2c.o
 .debug_ranges  0x00000640       0x50 Drivers\STM32F4xx_HAL_Driver\Src\stm32f4xx_hal_pwr_ex.o
 .debug_ranges  0x00000690       0x90 Drivers\STM32F4xx_HAL_Driver\Src\stm32f4xx_hal_rcc.o
 .debug_ranges  0x00000720       0x80 Drivers\STM32F4xx_HAL_Driver\Src\stm32f4xx_hal_rcc_ex.o
 .debug_ranges  0x000007a0      0x358 Drivers\STM32F4xx_HAL_Driver\Src\stm32f4xx_hal_tim.o
 .debug_ranges  0x00000af8      0x130 Drivers\STM32F4xx_HAL_Driver\Src\stm32f4xx_hal_tim_ex.o
 .debug_ranges  0x00000c28      0x1c0 Drivers\STM32F4xx_HAL_Driver\Src\stm32f4xx_hal_uart.o
 .debug_ranges  0x00000de8       0x28 Src\adc.o
 .debug_ranges  0x00000e10       0x10 Src\dma.o
 .debug_ranges  0x00000e20       0x50 Src\fram.o
 .debug_ranges  0x00000e70       0x18 Src\gpio.o
 .debug_ranges  0x00000e88       0x20 Src\i2c.o
 .debug_ranges  0x00000ea8       0x20 Src\main.o
 .debug_ranges  0x00000ec8       0x10 Src\stm32f4xx_hal_msp.o
 .debug_ranges  0x00000ed8       0x38 Src\stm32f4xx_it.o
 .debug_ranges  0x00000f10       0x18 Src\system_stm32f4xx.o
 .debug_ranges  0x00000f28       0x40 Src\tim.o
 .debug_ranges  0x00000f68       0x20 Src\usart.o
 .debug_ranges  0x00000f88       0x20 startup\startup_stm32f446xx.o

.debug_line     0x00000000     0x9235
 .debug_line    0x00000000      0x4ac Drivers\STM32F4xx_HAL_Driver\Src\stm32f4xx_hal.o
 .debug_line    0x000004ac      0x773 Drivers\STM32F4xx_HAL_Driver\Src\stm32f4xx_hal_adc.o
 .debug_line    0x00000c1f      0x643 Drivers\STM32F4xx_HAL_Driver\Src\stm32f4xx_hal_adc_ex.o
 .debug_line    0x00001262      0x4cd Drivers\STM32F4xx_HAL_Driver\Src\stm32f4xx_hal_cortex.o
 .debug_line    0x0000172f      0x5ee Drivers\STM32F4xx_HAL_Driver\Src\stm32f4xx_hal_dma.o
 .debug_line    0x00001d1d      0x43d Drivers\STM32F4xx_HAL_Driver\Src\stm32f4xx_hal_gpio.o
 .debug_line    0x0000215a     0x14b4 Drivers\STM32F4xx_HAL_Driver\Src\stm32f4xx_hal_i2c.o
 .debug_line    0x0000360e      0x3c5 Drivers\STM32F4xx_HAL_Driver\Src\stm32f4xx_hal_pwr_ex.o
 .debug_line    0x000039d3      0x567 Drivers\STM32F4xx_HAL_Driver\Src\stm32f4xx_hal_rcc.o
 .debug_line    0x00003f3a      0x721 Drivers\STM32F4xx_HAL_Driver\Src\stm32f4xx_hal_rcc_ex.o
 .debug_line    0x0000465b     0x1418 Drivers\STM32F4xx_HAL_Driver\Src\stm32f4xx_hal_tim.o
 .debug_line    0x00005a73      0x8a3 Drivers\STM32F4xx_HAL_Driver\Src\stm32f4xx_hal_tim_ex.o
 .debug_line    0x00006316      0xc02 Drivers\STM32F4xx_HAL_Driver\Src\stm32f4xx_hal_uart.o
 .debug_line    0x00006f18      0x352 Src\adc.o
 .debug_line    0x0000726a      0x286 Src\dma.o
 .debug_line    0x000074f0      0x364 Src\fram.o
 .debug_line    0x00007854      0x2c0 Src\gpio.o
 .debug_line    0x00007b14      0x342 Src\i2c.o
 .debug_line    0x00007e56      0x41f Src\main.o
 .debug_line    0x00008275      0x298 Src\stm32f4xx_hal_msp.o
 .debug_line    0x0000850d      0x369 Src\stm32f4xx_it.o
 .debug_line    0x00008876      0x285 Src\system_stm32f4xx.o
 .debug_line    0x00008afb      0x3ad Src\tim.o
 .debug_line    0x00008ea8      0x30e Src\usart.o
 .debug_line    0x000091b6       0x7f startup\startup_stm32f446xx.o

.debug_str      0x00000000     0x50f9
 .debug_str     0x00000000      0xf89 Drivers\STM32F4xx_HAL_Driver\Src\stm32f4xx_hal.o
                               0x105f (size before relaxing)
 .debug_str     0x00000f89      0x67a Drivers\STM32F4xx_HAL_Driver\Src\stm32f4xx_hal_adc.o
                                0xde5 (size before relaxing)
 .debug_str     0x00001603      0x2df Drivers\STM32F4xx_HAL_Driver\Src\stm32f4xx_hal_adc_ex.o
                                0xe48 (size before relaxing)
 .debug_str     0x000018e2      0x3c3 Drivers\STM32F4xx_HAL_Driver\Src\stm32f4xx_hal_cortex.o
                               0x1111 (size before relaxing)
 .debug_str     0x00001ca5      0x2ef Drivers\STM32F4xx_HAL_Driver\Src\stm32f4xx_hal_dma.o
                                0xc2c (size before relaxing)
 .debug_str     0x00001f94      0x1cd Drivers\STM32F4xx_HAL_Driver\Src\stm32f4xx_hal_gpio.o
                                0x9b7 (size before relaxing)
 .debug_str     0x00002161      0xa4a Drivers\STM32F4xx_HAL_Driver\Src\stm32f4xx_hal_i2c.o
                               0x13dd (size before relaxing)
 .debug_str     0x00002bab      0x170 Drivers\STM32F4xx_HAL_Driver\Src\stm32f4xx_hal_pwr_ex.o
                                0x9c2 (size before relaxing)
 .debug_str     0x00002d1b      0x2c2 Drivers\STM32F4xx_HAL_Driver\Src\stm32f4xx_hal_rcc.o
                                0xb8f (size before relaxing)
 .debug_str     0x00002fdd      0x33f Drivers\STM32F4xx_HAL_Driver\Src\stm32f4xx_hal_rcc_ex.o
                                0xca6 (size before relaxing)
 .debug_str     0x0000331c      0xeda Drivers\STM32F4xx_HAL_Driver\Src\stm32f4xx_hal_tim.o
                               0x1857 (size before relaxing)
 .debug_str     0x000041f6      0x50d Drivers\STM32F4xx_HAL_Driver\Src\stm32f4xx_hal_tim_ex.o
                               0x1117 (size before relaxing)
 .debug_str     0x00004703      0x6b9 Drivers\STM32F4xx_HAL_Driver\Src\stm32f4xx_hal_uart.o
                               0x1094 (size before relaxing)
 .debug_str     0x00004dbc       0x39 Src\adc.o
                               0x1250 (size before relaxing)
 .debug_str     0x00004df5       0x19 Src\dma.o
                                0xcfc (size before relaxing)
 .debug_str     0x00004e0e       0xef Src\fram.o
                                0xc85 (size before relaxing)
 .debug_str     0x00004efd       0x1b Src\gpio.o
                                0xdc7 (size before relaxing)
 .debug_str     0x00004f18       0x31 Src\i2c.o
                               0x1304 (size before relaxing)
 .debug_str     0x00004f49       0x6c Src\main.o
                               0x1962 (size before relaxing)
 .debug_str     0x00004fb5       0x1b Src\stm32f4xx_hal_msp.o
                                0xbec (size before relaxing)
 .debug_str     0x00004fd0       0x79 Src\stm32f4xx_it.o
                                0xdca (size before relaxing)
 .debug_str     0x00005049       0x45 Src\system_stm32f4xx.o
                                0x82f (size before relaxing)
 .debug_str     0x0000508e       0x51 Src\tim.o
                                0xf3d (size before relaxing)
 .debug_str     0x000050df       0x1a Src\usart.o
                                0xc95 (size before relaxing)

.comment        0x00000000       0x7c
 .comment       0x00000000       0x7c Drivers\STM32F4xx_HAL_Driver\Src\stm32f4xx_hal.o
                                 0x7d (size before relaxing)
 .comment       0x0000007c       0x7d Drivers\STM32F4xx_HAL_Driver\Src\stm32f4xx_hal_adc.o
 .comment       0x0000007c       0x7d Drivers\STM32F4xx_HAL_Driver\Src\stm32f4xx_hal_adc_ex.o
 .comment       0x0000007c       0x7d Drivers\STM32F4xx_HAL_Driver\Src\stm32f4xx_hal_cortex.o
 .comment       0x0000007c       0x7d Drivers\STM32F4xx_HAL_Driver\Src\stm32f4xx_hal_dma.o
 .comment       0x0000007c       0x7d Drivers\STM32F4xx_HAL_Driver\Src\stm32f4xx_hal_gpio.o
 .comment       0x0000007c       0x7d Drivers\STM32F4xx_HAL_Driver\Src\stm32f4xx_hal_i2c.o
 .comment       0x0000007c       0x7d Drivers\STM32F4xx_HAL_Driver\Src\stm32f4xx_hal_pwr_ex.o
 .comment       0x0000007c       0x7d Drivers\STM32F4xx_HAL_Driver\Src\stm32f4xx_hal_rcc.o
 .comment       0x0000007c       0x7d Drivers\STM32F4xx_HAL_Driver\Src\stm32f4xx_hal_rcc_ex.o
 .comment       0x0000007c       0x7d Drivers\STM32F4xx_HAL_Driver\Src\stm32f4xx_hal_tim.o
 .comment       0x0000007c       0x7d Drivers\STM32F4xx_HAL_Driver\Src\stm32f4xx_hal_tim_ex.o
 .comment       0x0000007c       0x7d Drivers\STM32F4xx_HAL_Driver\Src\stm32f4xx_hal_uart.o
 .comment       0x0000007c       0x7d Src\adc.o
 .comment       0x0000007c       0x7d Src\dma.o
 .comment       0x0000007c       0x7d Src\fram.o
 .comment       0x0000007c       0x7d Src\gpio.o
 .comment       0x0000007c       0x7d Src\i2c.o
 .comment       0x0000007c       0x7d Src\main.o
 .comment       0x0000007c       0x7d Src\stm32f4xx_hal_msp.o
 .comment       0x0000007c       0x7d Src\stm32f4xx_it.o
 .comment       0x0000007c       0x7d Src\system_stm32f4xx.o
 .comment       0x0000007c       0x7d Src\tim.o
 .comment       0x0000007c       0x7d Src\usart.o

.debug_frame    0x00000000     0x2cf8
 .debug_frame   0x00000000      0x1cc Drivers\STM32F4xx_HAL_Driver\Src\stm32f4xx_hal.o
 .debug_frame   0x000001cc      0x27c Drivers\STM32F4xx_HAL_Driver\Src\stm32f4xx_hal_adc.o
 .debug_frame   0x00000448      0x18c Drivers\STM32F4xx_HAL_Driver\Src\stm32f4xx_hal_adc_ex.o
 .debug_frame   0x000005d4      0x15c Drivers\STM32F4xx_HAL_Driver\Src\stm32f4xx_hal_cortex.o
 .debug_frame   0x00000730      0x17c Drivers\STM32F4xx_HAL_Driver\Src\stm32f4xx_hal_dma.o
 .debug_frame   0x000008ac       0xd0 Drivers\STM32F4xx_HAL_Driver\Src\stm32f4xx_hal_gpio.o
 .debug_frame   0x0000097c      0x848 Drivers\STM32F4xx_HAL_Driver\Src\stm32f4xx_hal_i2c.o
 .debug_frame   0x000011c4       0xec Drivers\STM32F4xx_HAL_Driver\Src\stm32f4xx_hal_pwr_ex.o
 .debug_frame   0x000012b0      0x174 Drivers\STM32F4xx_HAL_Driver\Src\stm32f4xx_hal_rcc.o
 .debug_frame   0x00001424      0x144 Drivers\STM32F4xx_HAL_Driver\Src\stm32f4xx_hal_rcc_ex.o
 .debug_frame   0x00001568      0x9e0 Drivers\STM32F4xx_HAL_Driver\Src\stm32f4xx_hal_tim.o
 .debug_frame   0x00001f48      0x384 Drivers\STM32F4xx_HAL_Driver\Src\stm32f4xx_hal_tim_ex.o
 .debug_frame   0x000022cc      0x4e8 Drivers\STM32F4xx_HAL_Driver\Src\stm32f4xx_hal_uart.o
 .debug_frame   0x000027b4       0x80 Src\adc.o
 .debug_frame   0x00002834       0x2c Src\dma.o
 .debug_frame   0x00002860       0xf4 Src\fram.o
 .debug_frame   0x00002954       0x44 Src\gpio.o
 .debug_frame   0x00002998       0x64 Src\i2c.o
 .debug_frame   0x000029fc       0x58 Src\main.o
 .debug_frame   0x00002a54       0x28 Src\stm32f4xx_hal_msp.o
 .debug_frame   0x00002a7c       0xa0 Src\stm32f4xx_it.o
 .debug_frame   0x00002b1c       0x30 Src\system_stm32f4xx.o
 .debug_frame   0x00002b4c       0xc4 Src\tim.o
 .debug_frame   0x00002c10       0x5c Src\usart.o
 .debug_frame   0x00002c6c       0x2c c:/program files (x86)/atollic/truestudio for stm32 9.0.0/armtools/bin/../lib/gcc/arm-atollic-eabi/6.3.1/../../../../arm-atollic-eabi/lib/armv7e-m/fpu\libc_nano.a(lib_a-init.o)
 .debug_frame   0x00002c98       0x2c c:/program files (x86)/atollic/truestudio for stm32 9.0.0/armtools/bin/../lib/gcc/arm-atollic-eabi/6.3.1/armv7e-m/fpu\libgcc.a(_aeabi_uldivmod.o)
 .debug_frame   0x00002cc4       0x34 c:/program files (x86)/atollic/truestudio for stm32 9.0.0/armtools/bin/../lib/gcc/arm-atollic-eabi/6.3.1/armv7e-m/fpu\libgcc.a(_udivmoddi4.o)
